------------------------------------------------------------
TimeQuest Timing Analyzer Summary
------------------------------------------------------------

Type  : Slow 1200mV 85C Model Setup 'mezcladora:MEZCLADORA_3|modul_10Hz:MODUL1|modul:M2|flip_flop_D_1bit:ff0|Q'
Slack : -7.363
TNS   : -28.494

Type  : Slow 1200mV 85C Model Setup 'mezcladora:MEZCLADORA_1|modul_10Hz:MODUL1|modul:M2|flip_flop_D_1bit:ff0|Q'
Slack : -6.912
TNS   : -27.016

Type  : Slow 1200mV 85C Model Setup 'clock'
Slack : -6.517
TNS   : -821.761

Type  : Slow 1200mV 85C Model Setup 'mezcladora:MEZCLADORA_2|modul_10Hz:MODUL1|modul:M2|flip_flop_D_1bit:ff0|Q'
Slack : -5.536
TNS   : -21.511

Type  : Slow 1200mV 85C Model Setup 'mezcladora:MEZCLADORA_4|modul_10Hz:MODUL1|modul:M2|flip_flop_D_1bit:ff0|Q'
Slack : -5.128
TNS   : -19.413

Type  : Slow 1200mV 85C Model Setup 'mezcladora:MEZCLADORA_1|macropantalla:MACROPANTALLA1|pantalla1:P1|modul_10Hz:MODUL|modul:M1|flip_flop_D_1bit:ff0|Q'
Slack : -3.671
TNS   : -25.757

Type  : Slow 1200mV 85C Model Setup 'mezcladora:MEZCLADORA_2|modul_10Hz:MODUL1|modul:M1|flip_flop_D_1bit:ff0|Q'
Slack : -3.665
TNS   : -24.384

Type  : Slow 1200mV 85C Model Setup 'mezcladora:MEZCLADORA_1|macropantalla:MACROPANTALLA1|pantalla4:P4|modul_05Hz:MODUL|modul:M1|flip_flop_D_1bit:ff0|Q'
Slack : -3.417
TNS   : -24.406

Type  : Slow 1200mV 85C Model Setup 'mezcladora:MEZCLADORA_1|modul_10Hz:MODUL1|modul:M1|flip_flop_D_1bit:ff0|Q'
Slack : -3.370
TNS   : -23.990

Type  : Slow 1200mV 85C Model Setup 'mezcladora:MEZCLADORA_2|comandar:COMANDO1|flip_flop_D_1bit_descendente:GRUP1|Q'
Slack : -3.201
TNS   : -30.710

Type  : Slow 1200mV 85C Model Setup 'mezcladora:MEZCLADORA_2|macropantalla:MACROPANTALLA1|pantalla4:P4|modul_05Hz:MODUL|modul:M1|flip_flop_D_1bit:ff0|Q'
Slack : -3.141
TNS   : -32.607

Type  : Slow 1200mV 85C Model Setup 'mezcladora:MEZCLADORA_4|macropantalla:MACROPANTALLA1|pantalla1:P1|modul_10Hz:MODUL|modul:M1|flip_flop_D_1bit:ff0|Q'
Slack : -3.140
TNS   : -24.452

Type  : Slow 1200mV 85C Model Setup 'mezcladora:MEZCLADORA_3|macropantalla:MACROPANTALLA1|pantalla1:P1|modul_10Hz:MODUL|modul:M1|flip_flop_D_1bit:ff0|Q'
Slack : -3.135
TNS   : -21.322

Type  : Slow 1200mV 85C Model Setup 'mezcladora:MEZCLADORA_2|macropantalla:MACROPANTALLA1|pantalla1:P1|modul_10Hz:MODUL|modul:M1|flip_flop_D_1bit:ff0|Q'
Slack : -2.940
TNS   : -22.486

Type  : Slow 1200mV 85C Model Setup 'serial_232:SERIAL1|modul_10Hz:MOD_10|modul:M1|flip_flop_D_1bit:ff0|Q'
Slack : -2.914
TNS   : -21.704

Type  : Slow 1200mV 85C Model Setup 'mezcladora:MEZCLADORA_1|comandar:COMANDO1|flip_flop_D_1bit_descendente:GRUP1|Q'
Slack : -2.794
TNS   : -25.720

Type  : Slow 1200mV 85C Model Setup 'mezcladora:MEZCLADORA_3|modul_10Hz:MODUL1|modul:M1|flip_flop_D_1bit:ff0|Q'
Slack : -2.752
TNS   : -21.468

Type  : Slow 1200mV 85C Model Setup 'mezcladora:MEZCLADORA_4|comandar:COMANDO1|flip_flop_D_1bit_descendente:GRUP1|Q'
Slack : -2.625
TNS   : -24.406

Type  : Slow 1200mV 85C Model Setup 'mezcladora:MEZCLADORA_4|macropantalla:MACROPANTALLA1|pantalla4:P4|modul_05Hz:MODUL|modul:M1|flip_flop_D_1bit:ff0|Q'
Slack : -2.580
TNS   : -24.455

Type  : Slow 1200mV 85C Model Setup 'mezcladora:MEZCLADORA_3|macropantalla:MACROPANTALLA1|pantalla4:P4|modul_05Hz:MODUL|modul:M1|flip_flop_D_1bit:ff0|Q'
Slack : -2.558
TNS   : -19.623

Type  : Slow 1200mV 85C Model Setup 'mezcladora:MEZCLADORA_4|modul_10Hz:MODUL1|modul:M1|flip_flop_D_1bit:ff0|Q'
Slack : -2.361
TNS   : -25.036

Type  : Slow 1200mV 85C Model Setup 'mezcladora:MEZCLADORA_3|comandar:COMANDO1|flip_flop_D_1bit_descendente:GRUP1|Q'
Slack : -2.171
TNS   : -20.531

Type  : Slow 1200mV 85C Model Setup 'modul_2Hz:MODUL2Hz|modul:M1|flip_flop_D_1bit:ff0|Q'
Slack : -1.621
TNS   : -18.331

Type  : Slow 1200mV 85C Model Setup 'serial_232:SERIAL1|flip_flop_D_1bit:FF1|Q'
Slack : -1.221
TNS   : -8.154

Type  : Slow 1200mV 85C Model Setup 'mezcladora:MEZCLADORA_1|contador_decimal:CONT|contador_4bits:C1|flip_flop_D_4bits:FF|Q[0]'
Slack : -0.765
TNS   : -1.618

Type  : Slow 1200mV 85C Model Setup 'mezcladora:MEZCLADORA_4|contador_decimal:CONT|contador_4bits:C1|flip_flop_D_4bits:FF|Q[0]'
Slack : -0.734
TNS   : -1.690

Type  : Slow 1200mV 85C Model Setup 'mezcladora:MEZCLADORA_3|contador_decimal:CONT|contador_4bits:C1|flip_flop_D_4bits:FF|Q[0]'
Slack : -0.536
TNS   : -1.181

Type  : Slow 1200mV 85C Model Setup 'mezcladora:MEZCLADORA_2|contador_decimal:CONT|contador_4bits:C1|flip_flop_D_4bits:FF|Q[0]'
Slack : -0.533
TNS   : -1.556

Type  : Slow 1200mV 85C Model Setup 'serial_232:SERIAL1|flip_flop_D_2bits:FF2|Q[0]'
Slack : -0.317
TNS   : -0.785

Type  : Slow 1200mV 85C Model Setup 'serial_232:SERIAL1|modul_10Hz:MOD_10|modul:M2|flip_flop_D_1bit:ff0|Q'
Slack : -0.217
TNS   : -0.433

Type  : Slow 1200mV 85C Model Setup 'mezcladora:MEZCLADORA_3|macropantalla:MACROPANTALLA1|pantalla4:P4|modul_05Hz:MODUL|modul:M2|flip_flop_D_1bit:ff0|Q'
Slack : -0.089
TNS   : -0.178

Type  : Slow 1200mV 85C Model Setup 'mezcladora:MEZCLADORA_1|macropantalla:MACROPANTALLA1|pantalla4:P4|modul_05Hz:MODUL|modul:M2|flip_flop_D_1bit:ff0|Q'
Slack : -0.085
TNS   : -0.157

Type  : Slow 1200mV 85C Model Setup 'mezcladora:MEZCLADORA_4|macropantalla:MACROPANTALLA1|pantalla4:P4|modul_05Hz:MODUL|modul:M2|flip_flop_D_1bit:ff0|Q'
Slack : -0.082
TNS   : -0.088

Type  : Slow 1200mV 85C Model Setup 'mezcladora:MEZCLADORA_2|macropantalla:MACROPANTALLA1|pantalla4:P4|modul_05Hz:MODUL|modul:M2|flip_flop_D_1bit:ff0|Q'
Slack : -0.067
TNS   : -0.132

Type  : Slow 1200mV 85C Model Setup 'mezcladora:MEZCLADORA_3|contador_decimal:CONT|contador_4bits:C2|flip_flop_D_4bits:FF|Q[0]'
Slack : -0.054
TNS   : -0.106

Type  : Slow 1200mV 85C Model Setup 'mezcladora:MEZCLADORA_2|contador_decimal:CONT|contador_4bits:C2|flip_flop_D_4bits:FF|Q[0]'
Slack : -0.053
TNS   : -0.090

Type  : Slow 1200mV 85C Model Setup 'mezcladora:MEZCLADORA_1|contador_decimal:CONT|contador_4bits:C2|flip_flop_D_4bits:FF|Q[0]'
Slack : -0.051
TNS   : -0.092

Type  : Slow 1200mV 85C Model Setup 'mezcladora:MEZCLADORA_1|macropantalla:MACROPANTALLA1|pantalla1:P1|modul_10Hz:MODUL|modul:M2|flip_flop_D_1bit:ff0|Q'
Slack : -0.043
TNS   : -0.056

Type  : Slow 1200mV 85C Model Setup 'mezcladora:MEZCLADORA_4|macropantalla:MACROPANTALLA1|pantalla1:P1|modul_10Hz:MODUL|modul:M2|flip_flop_D_1bit:ff0|Q'
Slack : -0.035
TNS   : -0.066

Type  : Slow 1200mV 85C Model Setup 'mezcladora:MEZCLADORA_4|contador_decimal:CONT|contador_4bits:C2|flip_flop_D_4bits:FF|Q[0]'
Slack : -0.027
TNS   : -0.053

Type  : Slow 1200mV 85C Model Setup 'mezcladora:MEZCLADORA_2|macropantalla:MACROPANTALLA1|pantalla1:P1|modul_10Hz:MODUL|modul:M2|flip_flop_D_1bit:ff0|Q'
Slack : -0.014
TNS   : -0.023

Type  : Slow 1200mV 85C Model Setup 'mezcladora:MEZCLADORA_3|macropantalla:MACROPANTALLA1|pantalla1:P1|modul_10Hz:MODUL|modul:M2|flip_flop_D_1bit:ff0|Q'
Slack : 0.099
TNS   : 0.000

Type  : Slow 1200mV 85C Model Hold 'mezcladora:MEZCLADORA_3|contador_decimal:CONT|contador_4bits:C1|flip_flop_D_4bits:FF|Q[0]'
Slack : -1.417
TNS   : -2.636

Type  : Slow 1200mV 85C Model Hold 'mezcladora:MEZCLADORA_4|contador_decimal:CONT|contador_4bits:C1|flip_flop_D_4bits:FF|Q[0]'
Slack : -1.352
TNS   : -4.467

Type  : Slow 1200mV 85C Model Hold 'clock'
Slack : -0.882
TNS   : -9.442

Type  : Slow 1200mV 85C Model Hold 'mezcladora:MEZCLADORA_1|contador_decimal:CONT|contador_4bits:C1|flip_flop_D_4bits:FF|Q[0]'
Slack : -0.716
TNS   : -1.220

Type  : Slow 1200mV 85C Model Hold 'mezcladora:MEZCLADORA_1|macropantalla:MACROPANTALLA1|pantalla4:P4|modul_05Hz:MODUL|modul:M1|flip_flop_D_1bit:ff0|Q'
Slack : -0.707
TNS   : -0.977

Type  : Slow 1200mV 85C Model Hold 'mezcladora:MEZCLADORA_3|comandar:COMANDO1|flip_flop_D_1bit_descendente:GRUP1|Q'
Slack : -0.531
TNS   : -1.517

Type  : Slow 1200mV 85C Model Hold 'mezcladora:MEZCLADORA_4|modul_10Hz:MODUL1|modul:M2|flip_flop_D_1bit:ff0|Q'
Slack : -0.524
TNS   : -1.295

Type  : Slow 1200mV 85C Model Hold 'mezcladora:MEZCLADORA_1|macropantalla:MACROPANTALLA1|pantalla1:P1|modul_10Hz:MODUL|modul:M1|flip_flop_D_1bit:ff0|Q'
Slack : -0.523
TNS   : -0.640

Type  : Slow 1200mV 85C Model Hold 'mezcladora:MEZCLADORA_1|modul_10Hz:MODUL1|modul:M1|flip_flop_D_1bit:ff0|Q'
Slack : -0.497
TNS   : -0.497

Type  : Slow 1200mV 85C Model Hold 'mezcladora:MEZCLADORA_1|comandar:COMANDO1|flip_flop_D_1bit_descendente:GRUP1|Q'
Slack : -0.453
TNS   : -0.453

Type  : Slow 1200mV 85C Model Hold 'mezcladora:MEZCLADORA_3|macropantalla:MACROPANTALLA1|pantalla1:P1|modul_10Hz:MODUL|modul:M1|flip_flop_D_1bit:ff0|Q'
Slack : -0.447
TNS   : -0.844

Type  : Slow 1200mV 85C Model Hold 'mezcladora:MEZCLADORA_2|macropantalla:MACROPANTALLA1|pantalla4:P4|modul_05Hz:MODUL|modul:M1|flip_flop_D_1bit:ff0|Q'
Slack : -0.431
TNS   : -0.431

Type  : Slow 1200mV 85C Model Hold 'mezcladora:MEZCLADORA_3|modul_10Hz:MODUL1|modul:M1|flip_flop_D_1bit:ff0|Q'
Slack : -0.339
TNS   : -0.339

Type  : Slow 1200mV 85C Model Hold 'mezcladora:MEZCLADORA_4|modul_10Hz:MODUL1|modul:M1|flip_flop_D_1bit:ff0|Q'
Slack : -0.336
TNS   : -0.624

Type  : Slow 1200mV 85C Model Hold 'mezcladora:MEZCLADORA_4|macropantalla:MACROPANTALLA1|pantalla4:P4|modul_05Hz:MODUL|modul:M1|flip_flop_D_1bit:ff0|Q'
Slack : -0.330
TNS   : -0.371

Type  : Slow 1200mV 85C Model Hold 'mezcladora:MEZCLADORA_4|macropantalla:MACROPANTALLA1|pantalla1:P1|modul_10Hz:MODUL|modul:M1|flip_flop_D_1bit:ff0|Q'
Slack : -0.308
TNS   : -0.480

Type  : Slow 1200mV 85C Model Hold 'mezcladora:MEZCLADORA_2|macropantalla:MACROPANTALLA1|pantalla1:P1|modul_10Hz:MODUL|modul:M1|flip_flop_D_1bit:ff0|Q'
Slack : -0.247
TNS   : -0.314

Type  : Slow 1200mV 85C Model Hold 'mezcladora:MEZCLADORA_2|contador_decimal:CONT|contador_4bits:C1|flip_flop_D_4bits:FF|Q[0]'
Slack : -0.221
TNS   : -0.494

Type  : Slow 1200mV 85C Model Hold 'mezcladora:MEZCLADORA_3|macropantalla:MACROPANTALLA1|pantalla4:P4|modul_05Hz:MODUL|modul:M1|flip_flop_D_1bit:ff0|Q'
Slack : -0.221
TNS   : -0.359

Type  : Slow 1200mV 85C Model Hold 'mezcladora:MEZCLADORA_3|modul_10Hz:MODUL1|modul:M2|flip_flop_D_1bit:ff0|Q'
Slack : -0.163
TNS   : -0.163

Type  : Slow 1200mV 85C Model Hold 'mezcladora:MEZCLADORA_2|modul_10Hz:MODUL1|modul:M1|flip_flop_D_1bit:ff0|Q'
Slack : -0.159
TNS   : -0.255

Type  : Slow 1200mV 85C Model Hold 'mezcladora:MEZCLADORA_2|modul_10Hz:MODUL1|modul:M2|flip_flop_D_1bit:ff0|Q'
Slack : -0.116
TNS   : -0.230

Type  : Slow 1200mV 85C Model Hold 'mezcladora:MEZCLADORA_4|comandar:COMANDO1|flip_flop_D_1bit_descendente:GRUP1|Q'
Slack : -0.099
TNS   : -0.099

Type  : Slow 1200mV 85C Model Hold 'mezcladora:MEZCLADORA_1|modul_10Hz:MODUL1|modul:M2|flip_flop_D_1bit:ff0|Q'
Slack : -0.048
TNS   : -0.048

Type  : Slow 1200mV 85C Model Hold 'serial_232:SERIAL1|modul_10Hz:MOD_10|modul:M1|flip_flop_D_1bit:ff0|Q'
Slack : 0.038
TNS   : 0.000

Type  : Slow 1200mV 85C Model Hold 'mezcladora:MEZCLADORA_2|comandar:COMANDO1|flip_flop_D_1bit_descendente:GRUP1|Q'
Slack : 0.188
TNS   : 0.000

Type  : Slow 1200mV 85C Model Hold 'modul_2Hz:MODUL2Hz|modul:M1|flip_flop_D_1bit:ff0|Q'
Slack : 0.359
TNS   : 0.000

Type  : Slow 1200mV 85C Model Hold 'mezcladora:MEZCLADORA_2|macropantalla:MACROPANTALLA1|pantalla1:P1|modul_10Hz:MODUL|modul:M2|flip_flop_D_1bit:ff0|Q'
Slack : 0.373
TNS   : 0.000

Type  : Slow 1200mV 85C Model Hold 'mezcladora:MEZCLADORA_3|macropantalla:MACROPANTALLA1|pantalla1:P1|modul_10Hz:MODUL|modul:M2|flip_flop_D_1bit:ff0|Q'
Slack : 0.373
TNS   : 0.000

Type  : Slow 1200mV 85C Model Hold 'mezcladora:MEZCLADORA_4|macropantalla:MACROPANTALLA1|pantalla1:P1|modul_10Hz:MODUL|modul:M2|flip_flop_D_1bit:ff0|Q'
Slack : 0.373
TNS   : 0.000

Type  : Slow 1200mV 85C Model Hold 'mezcladora:MEZCLADORA_1|macropantalla:MACROPANTALLA1|pantalla1:P1|modul_10Hz:MODUL|modul:M2|flip_flop_D_1bit:ff0|Q'
Slack : 0.375
TNS   : 0.000

Type  : Slow 1200mV 85C Model Hold 'mezcladora:MEZCLADORA_4|contador_decimal:CONT|contador_4bits:C2|flip_flop_D_4bits:FF|Q[0]'
Slack : 0.376
TNS   : 0.000

Type  : Slow 1200mV 85C Model Hold 'mezcladora:MEZCLADORA_4|macropantalla:MACROPANTALLA1|pantalla4:P4|modul_05Hz:MODUL|modul:M2|flip_flop_D_1bit:ff0|Q'
Slack : 0.376
TNS   : 0.000

Type  : Slow 1200mV 85C Model Hold 'mezcladora:MEZCLADORA_2|contador_decimal:CONT|contador_4bits:C2|flip_flop_D_4bits:FF|Q[0]'
Slack : 0.377
TNS   : 0.000

Type  : Slow 1200mV 85C Model Hold 'mezcladora:MEZCLADORA_3|macropantalla:MACROPANTALLA1|pantalla4:P4|modul_05Hz:MODUL|modul:M2|flip_flop_D_1bit:ff0|Q'
Slack : 0.377
TNS   : 0.000

Type  : Slow 1200mV 85C Model Hold 'mezcladora:MEZCLADORA_1|contador_decimal:CONT|contador_4bits:C2|flip_flop_D_4bits:FF|Q[0]'
Slack : 0.378
TNS   : 0.000

Type  : Slow 1200mV 85C Model Hold 'mezcladora:MEZCLADORA_2|macropantalla:MACROPANTALLA1|pantalla4:P4|modul_05Hz:MODUL|modul:M2|flip_flop_D_1bit:ff0|Q'
Slack : 0.379
TNS   : 0.000

Type  : Slow 1200mV 85C Model Hold 'serial_232:SERIAL1|flip_flop_D_2bits:FF2|Q[0]'
Slack : 0.379
TNS   : 0.000

Type  : Slow 1200mV 85C Model Hold 'mezcladora:MEZCLADORA_1|macropantalla:MACROPANTALLA1|pantalla4:P4|modul_05Hz:MODUL|modul:M2|flip_flop_D_1bit:ff0|Q'
Slack : 0.380
TNS   : 0.000

Type  : Slow 1200mV 85C Model Hold 'mezcladora:MEZCLADORA_3|contador_decimal:CONT|contador_4bits:C2|flip_flop_D_4bits:FF|Q[0]'
Slack : 0.380
TNS   : 0.000

Type  : Slow 1200mV 85C Model Hold 'serial_232:SERIAL1|flip_flop_D_1bit:FF1|Q'
Slack : 0.380
TNS   : 0.000

Type  : Slow 1200mV 85C Model Hold 'serial_232:SERIAL1|modul_10Hz:MOD_10|modul:M2|flip_flop_D_1bit:ff0|Q'
Slack : 0.455
TNS   : 0.000

Type  : Slow 1200mV 85C Model Recovery 'mezcladora:MEZCLADORA_2|contador_decimal:CONT|contador_4bits:C2|flip_flop_D_4bits:FF|Q[0]'
Slack : -5.821
TNS   : -23.284

Type  : Slow 1200mV 85C Model Recovery 'mezcladora:MEZCLADORA_3|contador_decimal:CONT|contador_4bits:C2|flip_flop_D_4bits:FF|Q[0]'
Slack : -4.210
TNS   : -16.840

Type  : Slow 1200mV 85C Model Recovery 'mezcladora:MEZCLADORA_1|contador_decimal:CONT|contador_4bits:C2|flip_flop_D_4bits:FF|Q[0]'
Slack : -3.767
TNS   : -15.068

Type  : Slow 1200mV 85C Model Recovery 'mezcladora:MEZCLADORA_2|modul_10Hz:MODUL1|modul:M2|flip_flop_D_1bit:ff0|Q'
Slack : -3.752
TNS   : -15.008

Type  : Slow 1200mV 85C Model Recovery 'mezcladora:MEZCLADORA_2|contador_decimal:CONT|contador_4bits:C1|flip_flop_D_4bits:FF|Q[0]'
Slack : -3.610
TNS   : -14.440

Type  : Slow 1200mV 85C Model Recovery 'mezcladora:MEZCLADORA_3|contador_decimal:CONT|contador_4bits:C1|flip_flop_D_4bits:FF|Q[0]'
Slack : -3.543
TNS   : -13.215

Type  : Slow 1200mV 85C Model Recovery 'mezcladora:MEZCLADORA_3|modul_10Hz:MODUL1|modul:M2|flip_flop_D_1bit:ff0|Q'
Slack : -3.425
TNS   : -13.700

Type  : Slow 1200mV 85C Model Recovery 'clock'
Slack : -3.409
TNS   : -760.213

Type  : Slow 1200mV 85C Model Recovery 'serial_232:SERIAL1|modul_10Hz:MOD_10|modul:M1|flip_flop_D_1bit:ff0|Q'
Slack : -3.369
TNS   : -49.766

Type  : Slow 1200mV 85C Model Recovery 'mezcladora:MEZCLADORA_4|modul_10Hz:MODUL1|modul:M2|flip_flop_D_1bit:ff0|Q'
Slack : -3.050
TNS   : -10.646

Type  : Slow 1200mV 85C Model Recovery 'mezcladora:MEZCLADORA_4|macropantalla:MACROPANTALLA1|pantalla4:P4|modul_05Hz:MODUL|modul:M1|flip_flop_D_1bit:ff0|Q'
Slack : -2.907
TNS   : -46.284

Type  : Slow 1200mV 85C Model Recovery 'mezcladora:MEZCLADORA_4|contador_decimal:CONT|contador_4bits:C2|flip_flop_D_4bits:FF|Q[0]'
Slack : -2.894
TNS   : -11.576

Type  : Slow 1200mV 85C Model Recovery 'mezcladora:MEZCLADORA_1|contador_decimal:CONT|contador_4bits:C1|flip_flop_D_4bits:FF|Q[0]'
Slack : -2.862
TNS   : -11.448

Type  : Slow 1200mV 85C Model Recovery 'mezcladora:MEZCLADORA_2|macropantalla:MACROPANTALLA1|pantalla4:P4|modul_05Hz:MODUL|modul:M1|flip_flop_D_1bit:ff0|Q'
Slack : -2.836
TNS   : -45.045

Type  : Slow 1200mV 85C Model Recovery 'mezcladora:MEZCLADORA_1|macropantalla:MACROPANTALLA1|pantalla4:P4|modul_05Hz:MODUL|modul:M1|flip_flop_D_1bit:ff0|Q'
Slack : -2.720
TNS   : -43.342

Type  : Slow 1200mV 85C Model Recovery 'mezcladora:MEZCLADORA_2|macropantalla:MACROPANTALLA1|pantalla1:P1|modul_10Hz:MODUL|modul:M1|flip_flop_D_1bit:ff0|Q'
Slack : -2.713
TNS   : -42.740

Type  : Slow 1200mV 85C Model Recovery 'mezcladora:MEZCLADORA_1|modul_10Hz:MODUL1|modul:M2|flip_flop_D_1bit:ff0|Q'
Slack : -2.706
TNS   : -10.824

Type  : Slow 1200mV 85C Model Recovery 'mezcladora:MEZCLADORA_4|modul_10Hz:MODUL1|modul:M1|flip_flop_D_1bit:ff0|Q'
Slack : -2.690
TNS   : -42.395

Type  : Slow 1200mV 85C Model Recovery 'mezcladora:MEZCLADORA_3|modul_10Hz:MODUL1|modul:M1|flip_flop_D_1bit:ff0|Q'
Slack : -2.645
TNS   : -41.659

Type  : Slow 1200mV 85C Model Recovery 'mezcladora:MEZCLADORA_3|macropantalla:MACROPANTALLA1|pantalla4:P4|modul_05Hz:MODUL|modul:M1|flip_flop_D_1bit:ff0|Q'
Slack : -2.623
TNS   : -40.163

Type  : Slow 1200mV 85C Model Recovery 'mezcladora:MEZCLADORA_1|macropantalla:MACROPANTALLA1|pantalla1:P1|modul_10Hz:MODUL|modul:M1|flip_flop_D_1bit:ff0|Q'
Slack : -2.597
TNS   : -41.383

Type  : Slow 1200mV 85C Model Recovery 'mezcladora:MEZCLADORA_4|macropantalla:MACROPANTALLA1|pantalla1:P1|modul_10Hz:MODUL|modul:M1|flip_flop_D_1bit:ff0|Q'
Slack : -2.531
TNS   : -39.010

Type  : Slow 1200mV 85C Model Recovery 'modul_2Hz:MODUL2Hz|modul:M1|flip_flop_D_1bit:ff0|Q'
Slack : -2.493
TNS   : -38.893

Type  : Slow 1200mV 85C Model Recovery 'mezcladora:MEZCLADORA_3|macropantalla:MACROPANTALLA1|pantalla1:P1|modul_10Hz:MODUL|modul:M1|flip_flop_D_1bit:ff0|Q'
Slack : -2.462
TNS   : -39.296

Type  : Slow 1200mV 85C Model Recovery 'mezcladora:MEZCLADORA_1|modul_10Hz:MODUL1|modul:M1|flip_flop_D_1bit:ff0|Q'
Slack : -2.449
TNS   : -38.967

Type  : Slow 1200mV 85C Model Recovery 'mezcladora:MEZCLADORA_2|modul_10Hz:MODUL1|modul:M1|flip_flop_D_1bit:ff0|Q'
Slack : -2.448
TNS   : -38.524

Type  : Slow 1200mV 85C Model Recovery 'serial_232:SERIAL1|flip_flop_D_1bit:FF1|Q'
Slack : -2.237
TNS   : -8.948

Type  : Slow 1200mV 85C Model Recovery 'serial_232:SERIAL1|flip_flop_D_2bits:FF2|Q[0]'
Slack : -2.215
TNS   : -8.860

Type  : Slow 1200mV 85C Model Recovery 'mezcladora:MEZCLADORA_1|comandar:COMANDO1|flip_flop_D_1bit_descendente:GRUP1|Q'
Slack : -2.134
TNS   : -65.270

Type  : Slow 1200mV 85C Model Recovery 'mezcladora:MEZCLADORA_3|comandar:COMANDO1|flip_flop_D_1bit_descendente:GRUP1|Q'
Slack : -2.079
TNS   : -54.279

Type  : Slow 1200mV 85C Model Recovery 'mezcladora:MEZCLADORA_4|contador_decimal:CONT|contador_4bits:C1|flip_flop_D_4bits:FF|Q[0]'
Slack : -1.380
TNS   : -5.520

Type  : Slow 1200mV 85C Model Recovery 'mezcladora:MEZCLADORA_2|comandar:COMANDO1|flip_flop_D_1bit_descendente:GRUP1|Q'
Slack : -1.114
TNS   : -28.101

Type  : Slow 1200mV 85C Model Recovery 'mezcladora:MEZCLADORA_2|macropantalla:MACROPANTALLA1|pantalla4:P4|modul_05Hz:MODUL|modul:M2|flip_flop_D_1bit:ff0|Q'
Slack : -0.960
TNS   : -3.840

Type  : Slow 1200mV 85C Model Recovery 'mezcladora:MEZCLADORA_3|macropantalla:MACROPANTALLA1|pantalla4:P4|modul_05Hz:MODUL|modul:M2|flip_flop_D_1bit:ff0|Q'
Slack : -0.940
TNS   : -3.760

Type  : Slow 1200mV 85C Model Recovery 'mezcladora:MEZCLADORA_4|macropantalla:MACROPANTALLA1|pantalla4:P4|modul_05Hz:MODUL|modul:M2|flip_flop_D_1bit:ff0|Q'
Slack : -0.940
TNS   : -3.760

Type  : Slow 1200mV 85C Model Recovery 'mezcladora:MEZCLADORA_1|macropantalla:MACROPANTALLA1|pantalla4:P4|modul_05Hz:MODUL|modul:M2|flip_flop_D_1bit:ff0|Q'
Slack : -0.935
TNS   : -3.740

Type  : Slow 1200mV 85C Model Recovery 'mezcladora:MEZCLADORA_4|comandar:COMANDO1|flip_flop_D_1bit_descendente:GRUP1|Q'
Slack : -0.622
TNS   : -17.231

Type  : Slow 1200mV 85C Model Recovery 'mezcladora:MEZCLADORA_4|macropantalla:MACROPANTALLA1|pantalla1:P1|modul_10Hz:MODUL|modul:M2|flip_flop_D_1bit:ff0|Q'
Slack : -0.257
TNS   : -5.231

Type  : Slow 1200mV 85C Model Recovery 'mezcladora:MEZCLADORA_3|macropantalla:MACROPANTALLA1|pantalla1:P1|modul_10Hz:MODUL|modul:M2|flip_flop_D_1bit:ff0|Q'
Slack : -0.257
TNS   : -5.221

Type  : Slow 1200mV 85C Model Recovery 'mezcladora:MEZCLADORA_2|macropantalla:MACROPANTALLA1|pantalla1:P1|modul_10Hz:MODUL|modul:M2|flip_flop_D_1bit:ff0|Q'
Slack : -0.257
TNS   : -5.181

Type  : Slow 1200mV 85C Model Recovery 'mezcladora:MEZCLADORA_1|macropantalla:MACROPANTALLA1|pantalla1:P1|modul_10Hz:MODUL|modul:M2|flip_flop_D_1bit:ff0|Q'
Slack : -0.256
TNS   : -5.159

Type  : Slow 1200mV 85C Model Removal 'mezcladora:MEZCLADORA_4|contador_decimal:CONT|contador_4bits:C1|flip_flop_D_4bits:FF|Q[0]'
Slack : -1.399
TNS   : -5.596

Type  : Slow 1200mV 85C Model Removal 'clock'
Slack : -1.194
TNS   : -63.752

Type  : Slow 1200mV 85C Model Removal 'mezcladora:MEZCLADORA_2|modul_10Hz:MODUL1|modul:M2|flip_flop_D_1bit:ff0|Q'
Slack : -0.899
TNS   : -3.596

Type  : Slow 1200mV 85C Model Removal 'mezcladora:MEZCLADORA_1|macropantalla:MACROPANTALLA1|pantalla1:P1|modul_10Hz:MODUL|modul:M1|flip_flop_D_1bit:ff0|Q'
Slack : -0.723
TNS   : -11.252

Type  : Slow 1200mV 85C Model Removal 'mezcladora:MEZCLADORA_2|modul_10Hz:MODUL1|modul:M1|flip_flop_D_1bit:ff0|Q'
Slack : -0.565
TNS   : -8.870

Type  : Slow 1200mV 85C Model Removal 'mezcladora:MEZCLADORA_4|modul_10Hz:MODUL1|modul:M2|flip_flop_D_1bit:ff0|Q'
Slack : -0.551
TNS   : -1.705

Type  : Slow 1200mV 85C Model Removal 'mezcladora:MEZCLADORA_1|modul_10Hz:MODUL1|modul:M2|flip_flop_D_1bit:ff0|Q'
Slack : -0.483
TNS   : -1.932

Type  : Slow 1200mV 85C Model Removal 'mezcladora:MEZCLADORA_3|modul_10Hz:MODUL1|modul:M1|flip_flop_D_1bit:ff0|Q'
Slack : -0.471
TNS   : -5.817

Type  : Slow 1200mV 85C Model Removal 'mezcladora:MEZCLADORA_3|macropantalla:MACROPANTALLA1|pantalla1:P1|modul_10Hz:MODUL|modul:M1|flip_flop_D_1bit:ff0|Q'
Slack : -0.438
TNS   : -6.739

Type  : Slow 1200mV 85C Model Removal 'mezcladora:MEZCLADORA_1|macropantalla:MACROPANTALLA1|pantalla4:P4|modul_05Hz:MODUL|modul:M1|flip_flop_D_1bit:ff0|Q'
Slack : -0.357
TNS   : -5.522

Type  : Slow 1200mV 85C Model Removal 'mezcladora:MEZCLADORA_2|contador_decimal:CONT|contador_4bits:C1|flip_flop_D_4bits:FF|Q[0]'
Slack : -0.312
TNS   : -1.248

Type  : Slow 1200mV 85C Model Removal 'mezcladora:MEZCLADORA_4|macropantalla:MACROPANTALLA1|pantalla1:P1|modul_10Hz:MODUL|modul:M1|flip_flop_D_1bit:ff0|Q'
Slack : -0.302
TNS   : -2.973

Type  : Slow 1200mV 85C Model Removal 'mezcladora:MEZCLADORA_2|macropantalla:MACROPANTALLA1|pantalla1:P1|modul_10Hz:MODUL|modul:M1|flip_flop_D_1bit:ff0|Q'
Slack : -0.230
TNS   : -2.776

Type  : Slow 1200mV 85C Model Removal 'mezcladora:MEZCLADORA_2|macropantalla:MACROPANTALLA1|pantalla4:P4|modul_05Hz:MODUL|modul:M1|flip_flop_D_1bit:ff0|Q'
Slack : -0.187
TNS   : -2.742

Type  : Slow 1200mV 85C Model Removal 'mezcladora:MEZCLADORA_4|macropantalla:MACROPANTALLA1|pantalla4:P4|modul_05Hz:MODUL|modul:M1|flip_flop_D_1bit:ff0|Q'
Slack : -0.180
TNS   : -2.370

Type  : Slow 1200mV 85C Model Removal 'mezcladora:MEZCLADORA_1|modul_10Hz:MODUL1|modul:M1|flip_flop_D_1bit:ff0|Q'
Slack : -0.161
TNS   : -2.169

Type  : Slow 1200mV 85C Model Removal 'mezcladora:MEZCLADORA_3|macropantalla:MACROPANTALLA1|pantalla4:P4|modul_05Hz:MODUL|modul:M1|flip_flop_D_1bit:ff0|Q'
Slack : -0.131
TNS   : -1.413

Type  : Slow 1200mV 85C Model Removal 'serial_232:SERIAL1|flip_flop_D_2bits:FF2|Q[0]'
Slack : -0.091
TNS   : -0.364

Type  : Slow 1200mV 85C Model Removal 'mezcladora:MEZCLADORA_3|contador_decimal:CONT|contador_4bits:C1|flip_flop_D_4bits:FF|Q[0]'
Slack : -0.084
TNS   : -0.252

Type  : Slow 1200mV 85C Model Removal 'serial_232:SERIAL1|modul_10Hz:MOD_10|modul:M1|flip_flop_D_1bit:ff0|Q'
Slack : -0.027
TNS   : -0.189

Type  : Slow 1200mV 85C Model Removal 'mezcladora:MEZCLADORA_1|contador_decimal:CONT|contador_4bits:C1|flip_flop_D_4bits:FF|Q[0]'
Slack : 0.246
TNS   : 0.000

Type  : Slow 1200mV 85C Model Removal 'mezcladora:MEZCLADORA_4|modul_10Hz:MODUL1|modul:M1|flip_flop_D_1bit:ff0|Q'
Slack : 0.322
TNS   : 0.000

Type  : Slow 1200mV 85C Model Removal 'mezcladora:MEZCLADORA_3|modul_10Hz:MODUL1|modul:M2|flip_flop_D_1bit:ff0|Q'
Slack : 0.710
TNS   : 0.000

Type  : Slow 1200mV 85C Model Removal 'mezcladora:MEZCLADORA_4|comandar:COMANDO1|flip_flop_D_1bit_descendente:GRUP1|Q'
Slack : 0.810
TNS   : 0.000

Type  : Slow 1200mV 85C Model Removal 'mezcladora:MEZCLADORA_2|macropantalla:MACROPANTALLA1|pantalla1:P1|modul_10Hz:MODUL|modul:M2|flip_flop_D_1bit:ff0|Q'
Slack : 0.835
TNS   : 0.000

Type  : Slow 1200mV 85C Model Removal 'mezcladora:MEZCLADORA_3|macropantalla:MACROPANTALLA1|pantalla1:P1|modul_10Hz:MODUL|modul:M2|flip_flop_D_1bit:ff0|Q'
Slack : 0.835
TNS   : 0.000

Type  : Slow 1200mV 85C Model Removal 'mezcladora:MEZCLADORA_4|macropantalla:MACROPANTALLA1|pantalla1:P1|modul_10Hz:MODUL|modul:M2|flip_flop_D_1bit:ff0|Q'
Slack : 0.835
TNS   : 0.000

Type  : Slow 1200mV 85C Model Removal 'mezcladora:MEZCLADORA_1|macropantalla:MACROPANTALLA1|pantalla1:P1|modul_10Hz:MODUL|modul:M2|flip_flop_D_1bit:ff0|Q'
Slack : 0.836
TNS   : 0.000

Type  : Slow 1200mV 85C Model Removal 'mezcladora:MEZCLADORA_2|comandar:COMANDO1|flip_flop_D_1bit_descendente:GRUP1|Q'
Slack : 1.111
TNS   : 0.000

Type  : Slow 1200mV 85C Model Removal 'mezcladora:MEZCLADORA_3|macropantalla:MACROPANTALLA1|pantalla4:P4|modul_05Hz:MODUL|modul:M2|flip_flop_D_1bit:ff0|Q'
Slack : 1.245
TNS   : 0.000

Type  : Slow 1200mV 85C Model Removal 'mezcladora:MEZCLADORA_4|macropantalla:MACROPANTALLA1|pantalla4:P4|modul_05Hz:MODUL|modul:M2|flip_flop_D_1bit:ff0|Q'
Slack : 1.245
TNS   : 0.000

Type  : Slow 1200mV 85C Model Removal 'mezcladora:MEZCLADORA_1|macropantalla:MACROPANTALLA1|pantalla4:P4|modul_05Hz:MODUL|modul:M2|flip_flop_D_1bit:ff0|Q'
Slack : 1.247
TNS   : 0.000

Type  : Slow 1200mV 85C Model Removal 'mezcladora:MEZCLADORA_2|macropantalla:MACROPANTALLA1|pantalla4:P4|modul_05Hz:MODUL|modul:M2|flip_flop_D_1bit:ff0|Q'
Slack : 1.250
TNS   : 0.000

Type  : Slow 1200mV 85C Model Removal 'serial_232:SERIAL1|flip_flop_D_1bit:FF1|Q'
Slack : 1.264
TNS   : 0.000

Type  : Slow 1200mV 85C Model Removal 'mezcladora:MEZCLADORA_3|comandar:COMANDO1|flip_flop_D_1bit_descendente:GRUP1|Q'
Slack : 1.522
TNS   : 0.000

Type  : Slow 1200mV 85C Model Removal 'modul_2Hz:MODUL2Hz|modul:M1|flip_flop_D_1bit:ff0|Q'
Slack : 1.623
TNS   : 0.000

Type  : Slow 1200mV 85C Model Removal 'mezcladora:MEZCLADORA_1|comandar:COMANDO1|flip_flop_D_1bit_descendente:GRUP1|Q'
Slack : 1.908
TNS   : 0.000

Type  : Slow 1200mV 85C Model Removal 'mezcladora:MEZCLADORA_1|contador_decimal:CONT|contador_4bits:C2|flip_flop_D_4bits:FF|Q[0]'
Slack : 2.324
TNS   : 0.000

Type  : Slow 1200mV 85C Model Removal 'mezcladora:MEZCLADORA_4|contador_decimal:CONT|contador_4bits:C2|flip_flop_D_4bits:FF|Q[0]'
Slack : 2.731
TNS   : 0.000

Type  : Slow 1200mV 85C Model Removal 'mezcladora:MEZCLADORA_3|contador_decimal:CONT|contador_4bits:C2|flip_flop_D_4bits:FF|Q[0]'
Slack : 2.873
TNS   : 0.000

Type  : Slow 1200mV 85C Model Removal 'mezcladora:MEZCLADORA_2|contador_decimal:CONT|contador_4bits:C2|flip_flop_D_4bits:FF|Q[0]'
Slack : 3.670
TNS   : 0.000

Type  : Slow 1200mV 0C Model Setup 'mezcladora:MEZCLADORA_3|modul_10Hz:MODUL1|modul:M2|flip_flop_D_1bit:ff0|Q'
Slack : -6.533
TNS   : -25.270

Type  : Slow 1200mV 0C Model Setup 'mezcladora:MEZCLADORA_1|modul_10Hz:MODUL1|modul:M2|flip_flop_D_1bit:ff0|Q'
Slack : -6.143
TNS   : -23.952

Type  : Slow 1200mV 0C Model Setup 'clock'
Slack : -5.840
TNS   : -703.158

Type  : Slow 1200mV 0C Model Setup 'mezcladora:MEZCLADORA_2|modul_10Hz:MODUL1|modul:M2|flip_flop_D_1bit:ff0|Q'
Slack : -4.849
TNS   : -18.756

Type  : Slow 1200mV 0C Model Setup 'mezcladora:MEZCLADORA_4|modul_10Hz:MODUL1|modul:M2|flip_flop_D_1bit:ff0|Q'
Slack : -4.505
TNS   : -16.951

Type  : Slow 1200mV 0C Model Setup 'mezcladora:MEZCLADORA_2|modul_10Hz:MODUL1|modul:M1|flip_flop_D_1bit:ff0|Q'
Slack : -3.182
TNS   : -20.006

Type  : Slow 1200mV 0C Model Setup 'mezcladora:MEZCLADORA_1|macropantalla:MACROPANTALLA1|pantalla1:P1|modul_10Hz:MODUL|modul:M1|flip_flop_D_1bit:ff0|Q'
Slack : -3.171
TNS   : -21.319

Type  : Slow 1200mV 0C Model Setup 'mezcladora:MEZCLADORA_1|macropantalla:MACROPANTALLA1|pantalla4:P4|modul_05Hz:MODUL|modul:M1|flip_flop_D_1bit:ff0|Q'
Slack : -2.961
TNS   : -20.042

Type  : Slow 1200mV 0C Model Setup 'mezcladora:MEZCLADORA_1|modul_10Hz:MODUL1|modul:M1|flip_flop_D_1bit:ff0|Q'
Slack : -2.915
TNS   : -19.607

Type  : Slow 1200mV 0C Model Setup 'mezcladora:MEZCLADORA_2|comandar:COMANDO1|flip_flop_D_1bit_descendente:GRUP1|Q'
Slack : -2.784
TNS   : -24.626

Type  : Slow 1200mV 0C Model Setup 'mezcladora:MEZCLADORA_4|macropantalla:MACROPANTALLA1|pantalla1:P1|modul_10Hz:MODUL|modul:M1|flip_flop_D_1bit:ff0|Q'
Slack : -2.705
TNS   : -20.146

Type  : Slow 1200mV 0C Model Setup 'mezcladora:MEZCLADORA_2|macropantalla:MACROPANTALLA1|pantalla4:P4|modul_05Hz:MODUL|modul:M1|flip_flop_D_1bit:ff0|Q'
Slack : -2.694
TNS   : -27.851

Type  : Slow 1200mV 0C Model Setup 'mezcladora:MEZCLADORA_3|macropantalla:MACROPANTALLA1|pantalla1:P1|modul_10Hz:MODUL|modul:M1|flip_flop_D_1bit:ff0|Q'
Slack : -2.684
TNS   : -17.255

Type  : Slow 1200mV 0C Model Setup 'serial_232:SERIAL1|modul_10Hz:MOD_10|modul:M1|flip_flop_D_1bit:ff0|Q'
Slack : -2.531
TNS   : -17.768

Type  : Slow 1200mV 0C Model Setup 'mezcladora:MEZCLADORA_2|macropantalla:MACROPANTALLA1|pantalla1:P1|modul_10Hz:MODUL|modul:M1|flip_flop_D_1bit:ff0|Q'
Slack : -2.486
TNS   : -18.250

Type  : Slow 1200mV 0C Model Setup 'mezcladora:MEZCLADORA_1|comandar:COMANDO1|flip_flop_D_1bit_descendente:GRUP1|Q'
Slack : -2.398
TNS   : -20.066

Type  : Slow 1200mV 0C Model Setup 'mezcladora:MEZCLADORA_3|modul_10Hz:MODUL1|modul:M1|flip_flop_D_1bit:ff0|Q'
Slack : -2.309
TNS   : -17.402

Type  : Slow 1200mV 0C Model Setup 'mezcladora:MEZCLADORA_4|comandar:COMANDO1|flip_flop_D_1bit_descendente:GRUP1|Q'
Slack : -2.233
TNS   : -18.808

Type  : Slow 1200mV 0C Model Setup 'mezcladora:MEZCLADORA_4|macropantalla:MACROPANTALLA1|pantalla4:P4|modul_05Hz:MODUL|modul:M1|flip_flop_D_1bit:ff0|Q'
Slack : -2.206
TNS   : -20.140

Type  : Slow 1200mV 0C Model Setup 'mezcladora:MEZCLADORA_3|macropantalla:MACROPANTALLA1|pantalla4:P4|modul_05Hz:MODUL|modul:M1|flip_flop_D_1bit:ff0|Q'
Slack : -2.162
TNS   : -15.822

Type  : Slow 1200mV 0C Model Setup 'mezcladora:MEZCLADORA_4|modul_10Hz:MODUL1|modul:M1|flip_flop_D_1bit:ff0|Q'
Slack : -2.029
TNS   : -20.769

Type  : Slow 1200mV 0C Model Setup 'mezcladora:MEZCLADORA_3|comandar:COMANDO1|flip_flop_D_1bit_descendente:GRUP1|Q'
Slack : -1.822
TNS   : -15.375

Type  : Slow 1200mV 0C Model Setup 'modul_2Hz:MODUL2Hz|modul:M1|flip_flop_D_1bit:ff0|Q'
Slack : -1.337
TNS   : -14.477

Type  : Slow 1200mV 0C Model Setup 'serial_232:SERIAL1|flip_flop_D_1bit:FF1|Q'
Slack : -0.990
TNS   : -5.885

Type  : Slow 1200mV 0C Model Setup 'mezcladora:MEZCLADORA_1|contador_decimal:CONT|contador_4bits:C1|flip_flop_D_4bits:FF|Q[0]'
Slack : -0.587
TNS   : -1.135

Type  : Slow 1200mV 0C Model Setup 'mezcladora:MEZCLADORA_4|contador_decimal:CONT|contador_4bits:C1|flip_flop_D_4bits:FF|Q[0]'
Slack : -0.549
TNS   : -1.181

Type  : Slow 1200mV 0C Model Setup 'mezcladora:MEZCLADORA_3|contador_decimal:CONT|contador_4bits:C1|flip_flop_D_4bits:FF|Q[0]'
Slack : -0.374
TNS   : -0.744

Type  : Slow 1200mV 0C Model Setup 'mezcladora:MEZCLADORA_2|contador_decimal:CONT|contador_4bits:C1|flip_flop_D_4bits:FF|Q[0]'
Slack : -0.370
TNS   : -1.074

Type  : Slow 1200mV 0C Model Setup 'serial_232:SERIAL1|flip_flop_D_2bits:FF2|Q[0]'
Slack : -0.176
TNS   : -0.310

Type  : Slow 1200mV 0C Model Setup 'serial_232:SERIAL1|modul_10Hz:MOD_10|modul:M2|flip_flop_D_1bit:ff0|Q'
Slack : -0.115
TNS   : -0.230

Type  : Slow 1200mV 0C Model Setup 'mezcladora:MEZCLADORA_1|macropantalla:MACROPANTALLA1|pantalla4:P4|modul_05Hz:MODUL|modul:M2|flip_flop_D_1bit:ff0|Q'
Slack : 0.021
TNS   : 0.000

Type  : Slow 1200mV 0C Model Setup 'mezcladora:MEZCLADORA_3|macropantalla:MACROPANTALLA1|pantalla4:P4|modul_05Hz:MODUL|modul:M2|flip_flop_D_1bit:ff0|Q'
Slack : 0.027
TNS   : 0.000

Type  : Slow 1200mV 0C Model Setup 'mezcladora:MEZCLADORA_4|macropantalla:MACROPANTALLA1|pantalla4:P4|modul_05Hz:MODUL|modul:M2|flip_flop_D_1bit:ff0|Q'
Slack : 0.034
TNS   : 0.000

Type  : Slow 1200mV 0C Model Setup 'mezcladora:MEZCLADORA_2|macropantalla:MACROPANTALLA1|pantalla4:P4|modul_05Hz:MODUL|modul:M2|flip_flop_D_1bit:ff0|Q'
Slack : 0.046
TNS   : 0.000

Type  : Slow 1200mV 0C Model Setup 'mezcladora:MEZCLADORA_3|contador_decimal:CONT|contador_4bits:C2|flip_flop_D_4bits:FF|Q[0]'
Slack : 0.056
TNS   : 0.000

Type  : Slow 1200mV 0C Model Setup 'mezcladora:MEZCLADORA_2|contador_decimal:CONT|contador_4bits:C2|flip_flop_D_4bits:FF|Q[0]'
Slack : 0.060
TNS   : 0.000

Type  : Slow 1200mV 0C Model Setup 'mezcladora:MEZCLADORA_1|contador_decimal:CONT|contador_4bits:C2|flip_flop_D_4bits:FF|Q[0]'
Slack : 0.064
TNS   : 0.000

Type  : Slow 1200mV 0C Model Setup 'mezcladora:MEZCLADORA_1|macropantalla:MACROPANTALLA1|pantalla1:P1|modul_10Hz:MODUL|modul:M2|flip_flop_D_1bit:ff0|Q'
Slack : 0.071
TNS   : 0.000

Type  : Slow 1200mV 0C Model Setup 'mezcladora:MEZCLADORA_4|macropantalla:MACROPANTALLA1|pantalla1:P1|modul_10Hz:MODUL|modul:M2|flip_flop_D_1bit:ff0|Q'
Slack : 0.078
TNS   : 0.000

Type  : Slow 1200mV 0C Model Setup 'mezcladora:MEZCLADORA_4|contador_decimal:CONT|contador_4bits:C2|flip_flop_D_4bits:FF|Q[0]'
Slack : 0.083
TNS   : 0.000

Type  : Slow 1200mV 0C Model Setup 'mezcladora:MEZCLADORA_2|macropantalla:MACROPANTALLA1|pantalla1:P1|modul_10Hz:MODUL|modul:M2|flip_flop_D_1bit:ff0|Q'
Slack : 0.097
TNS   : 0.000

Type  : Slow 1200mV 0C Model Setup 'mezcladora:MEZCLADORA_3|macropantalla:MACROPANTALLA1|pantalla1:P1|modul_10Hz:MODUL|modul:M2|flip_flop_D_1bit:ff0|Q'
Slack : 0.193
TNS   : 0.000

Type  : Slow 1200mV 0C Model Hold 'mezcladora:MEZCLADORA_3|contador_decimal:CONT|contador_4bits:C1|flip_flop_D_4bits:FF|Q[0]'
Slack : -1.324
TNS   : -2.508

Type  : Slow 1200mV 0C Model Hold 'mezcladora:MEZCLADORA_4|contador_decimal:CONT|contador_4bits:C1|flip_flop_D_4bits:FF|Q[0]'
Slack : -1.260
TNS   : -4.208

Type  : Slow 1200mV 0C Model Hold 'clock'
Slack : -0.794
TNS   : -8.873

Type  : Slow 1200mV 0C Model Hold 'mezcladora:MEZCLADORA_1|contador_decimal:CONT|contador_4bits:C1|flip_flop_D_4bits:FF|Q[0]'
Slack : -0.673
TNS   : -1.306

Type  : Slow 1200mV 0C Model Hold 'mezcladora:MEZCLADORA_1|macropantalla:MACROPANTALLA1|pantalla4:P4|modul_05Hz:MODUL|modul:M1|flip_flop_D_1bit:ff0|Q'
Slack : -0.656
TNS   : -0.906

Type  : Slow 1200mV 0C Model Hold 'mezcladora:MEZCLADORA_4|modul_10Hz:MODUL1|modul:M2|flip_flop_D_1bit:ff0|Q'
Slack : -0.472
TNS   : -1.170

Type  : Slow 1200mV 0C Model Hold 'mezcladora:MEZCLADORA_3|comandar:COMANDO1|flip_flop_D_1bit_descendente:GRUP1|Q'
Slack : -0.462
TNS   : -1.325

Type  : Slow 1200mV 0C Model Hold 'mezcladora:MEZCLADORA_1|macropantalla:MACROPANTALLA1|pantalla1:P1|modul_10Hz:MODUL|modul:M1|flip_flop_D_1bit:ff0|Q'
Slack : -0.457
TNS   : -0.579

Type  : Slow 1200mV 0C Model Hold 'mezcladora:MEZCLADORA_1|modul_10Hz:MODUL1|modul:M1|flip_flop_D_1bit:ff0|Q'
Slack : -0.435
TNS   : -0.435

Type  : Slow 1200mV 0C Model Hold 'mezcladora:MEZCLADORA_3|macropantalla:MACROPANTALLA1|pantalla1:P1|modul_10Hz:MODUL|modul:M1|flip_flop_D_1bit:ff0|Q'
Slack : -0.411
TNS   : -0.736

Type  : Slow 1200mV 0C Model Hold 'mezcladora:MEZCLADORA_1|comandar:COMANDO1|flip_flop_D_1bit_descendente:GRUP1|Q'
Slack : -0.395
TNS   : -0.395

Type  : Slow 1200mV 0C Model Hold 'mezcladora:MEZCLADORA_2|macropantalla:MACROPANTALLA1|pantalla4:P4|modul_05Hz:MODUL|modul:M1|flip_flop_D_1bit:ff0|Q'
Slack : -0.362
TNS   : -0.362

Type  : Slow 1200mV 0C Model Hold 'mezcladora:MEZCLADORA_4|macropantalla:MACROPANTALLA1|pantalla4:P4|modul_05Hz:MODUL|modul:M1|flip_flop_D_1bit:ff0|Q'
Slack : -0.310
TNS   : -0.379

Type  : Slow 1200mV 0C Model Hold 'mezcladora:MEZCLADORA_4|modul_10Hz:MODUL1|modul:M1|flip_flop_D_1bit:ff0|Q'
Slack : -0.308
TNS   : -0.583

Type  : Slow 1200mV 0C Model Hold 'mezcladora:MEZCLADORA_3|modul_10Hz:MODUL1|modul:M1|flip_flop_D_1bit:ff0|Q'
Slack : -0.270
TNS   : -0.270

Type  : Slow 1200mV 0C Model Hold 'mezcladora:MEZCLADORA_4|macropantalla:MACROPANTALLA1|pantalla1:P1|modul_10Hz:MODUL|modul:M1|flip_flop_D_1bit:ff0|Q'
Slack : -0.253
TNS   : -0.411

Type  : Slow 1200mV 0C Model Hold 'mezcladora:MEZCLADORA_2|contador_decimal:CONT|contador_4bits:C1|flip_flop_D_4bits:FF|Q[0]'
Slack : -0.206
TNS   : -0.487

Type  : Slow 1200mV 0C Model Hold 'mezcladora:MEZCLADORA_2|macropantalla:MACROPANTALLA1|pantalla1:P1|modul_10Hz:MODUL|modul:M1|flip_flop_D_1bit:ff0|Q'
Slack : -0.188
TNS   : -0.273

Type  : Slow 1200mV 0C Model Hold 'mezcladora:MEZCLADORA_3|macropantalla:MACROPANTALLA1|pantalla4:P4|modul_05Hz:MODUL|modul:M1|flip_flop_D_1bit:ff0|Q'
Slack : -0.163
TNS   : -0.281

Type  : Slow 1200mV 0C Model Hold 'mezcladora:MEZCLADORA_3|modul_10Hz:MODUL1|modul:M2|flip_flop_D_1bit:ff0|Q'
Slack : -0.157
TNS   : -0.157

Type  : Slow 1200mV 0C Model Hold 'mezcladora:MEZCLADORA_2|modul_10Hz:MODUL1|modul:M1|flip_flop_D_1bit:ff0|Q'
Slack : -0.141
TNS   : -0.232

Type  : Slow 1200mV 0C Model Hold 'mezcladora:MEZCLADORA_2|modul_10Hz:MODUL1|modul:M2|flip_flop_D_1bit:ff0|Q'
Slack : -0.115
TNS   : -0.228

Type  : Slow 1200mV 0C Model Hold 'mezcladora:MEZCLADORA_4|comandar:COMANDO1|flip_flop_D_1bit_descendente:GRUP1|Q'
Slack : -0.055
TNS   : -0.055

Type  : Slow 1200mV 0C Model Hold 'mezcladora:MEZCLADORA_1|modul_10Hz:MODUL1|modul:M2|flip_flop_D_1bit:ff0|Q'
Slack : -0.044
TNS   : -0.044

Type  : Slow 1200mV 0C Model Hold 'serial_232:SERIAL1|modul_10Hz:MOD_10|modul:M1|flip_flop_D_1bit:ff0|Q'
Slack : 0.031
TNS   : 0.000

Type  : Slow 1200mV 0C Model Hold 'mezcladora:MEZCLADORA_2|comandar:COMANDO1|flip_flop_D_1bit_descendente:GRUP1|Q'
Slack : 0.204
TNS   : 0.000

Type  : Slow 1200mV 0C Model Hold 'modul_2Hz:MODUL2Hz|modul:M1|flip_flop_D_1bit:ff0|Q'
Slack : 0.312
TNS   : 0.000

Type  : Slow 1200mV 0C Model Hold 'mezcladora:MEZCLADORA_4|contador_decimal:CONT|contador_4bits:C2|flip_flop_D_4bits:FF|Q[0]'
Slack : 0.327
TNS   : 0.000

Type  : Slow 1200mV 0C Model Hold 'mezcladora:MEZCLADORA_2|contador_decimal:CONT|contador_4bits:C2|flip_flop_D_4bits:FF|Q[0]'
Slack : 0.328
TNS   : 0.000

Type  : Slow 1200mV 0C Model Hold 'mezcladora:MEZCLADORA_3|macropantalla:MACROPANTALLA1|pantalla4:P4|modul_05Hz:MODUL|modul:M2|flip_flop_D_1bit:ff0|Q'
Slack : 0.328
TNS   : 0.000

Type  : Slow 1200mV 0C Model Hold 'mezcladora:MEZCLADORA_4|macropantalla:MACROPANTALLA1|pantalla4:P4|modul_05Hz:MODUL|modul:M2|flip_flop_D_1bit:ff0|Q'
Slack : 0.328
TNS   : 0.000

Type  : Slow 1200mV 0C Model Hold 'mezcladora:MEZCLADORA_1|macropantalla:MACROPANTALLA1|pantalla4:P4|modul_05Hz:MODUL|modul:M2|flip_flop_D_1bit:ff0|Q'
Slack : 0.329
TNS   : 0.000

Type  : Slow 1200mV 0C Model Hold 'mezcladora:MEZCLADORA_1|contador_decimal:CONT|contador_4bits:C2|flip_flop_D_4bits:FF|Q[0]'
Slack : 0.330
TNS   : 0.000

Type  : Slow 1200mV 0C Model Hold 'mezcladora:MEZCLADORA_3|contador_decimal:CONT|contador_4bits:C2|flip_flop_D_4bits:FF|Q[0]'
Slack : 0.330
TNS   : 0.000

Type  : Slow 1200mV 0C Model Hold 'mezcladora:MEZCLADORA_2|macropantalla:MACROPANTALLA1|pantalla4:P4|modul_05Hz:MODUL|modul:M2|flip_flop_D_1bit:ff0|Q'
Slack : 0.331
TNS   : 0.000

Type  : Slow 1200mV 0C Model Hold 'serial_232:SERIAL1|flip_flop_D_1bit:FF1|Q'
Slack : 0.331
TNS   : 0.000

Type  : Slow 1200mV 0C Model Hold 'serial_232:SERIAL1|flip_flop_D_2bits:FF2|Q[0]'
Slack : 0.331
TNS   : 0.000

Type  : Slow 1200mV 0C Model Hold 'mezcladora:MEZCLADORA_2|macropantalla:MACROPANTALLA1|pantalla1:P1|modul_10Hz:MODUL|modul:M2|flip_flop_D_1bit:ff0|Q'
Slack : 0.338
TNS   : 0.000

Type  : Slow 1200mV 0C Model Hold 'mezcladora:MEZCLADORA_4|macropantalla:MACROPANTALLA1|pantalla1:P1|modul_10Hz:MODUL|modul:M2|flip_flop_D_1bit:ff0|Q'
Slack : 0.338
TNS   : 0.000

Type  : Slow 1200mV 0C Model Hold 'mezcladora:MEZCLADORA_3|macropantalla:MACROPANTALLA1|pantalla1:P1|modul_10Hz:MODUL|modul:M2|flip_flop_D_1bit:ff0|Q'
Slack : 0.339
TNS   : 0.000

Type  : Slow 1200mV 0C Model Hold 'mezcladora:MEZCLADORA_1|macropantalla:MACROPANTALLA1|pantalla1:P1|modul_10Hz:MODUL|modul:M2|flip_flop_D_1bit:ff0|Q'
Slack : 0.340
TNS   : 0.000

Type  : Slow 1200mV 0C Model Hold 'serial_232:SERIAL1|modul_10Hz:MOD_10|modul:M2|flip_flop_D_1bit:ff0|Q'
Slack : 0.436
TNS   : 0.000

Type  : Slow 1200mV 0C Model Recovery 'mezcladora:MEZCLADORA_2|contador_decimal:CONT|contador_4bits:C2|flip_flop_D_4bits:FF|Q[0]'
Slack : -5.098
TNS   : -20.392

Type  : Slow 1200mV 0C Model Recovery 'mezcladora:MEZCLADORA_3|contador_decimal:CONT|contador_4bits:C2|flip_flop_D_4bits:FF|Q[0]'
Slack : -3.637
TNS   : -14.548

Type  : Slow 1200mV 0C Model Recovery 'mezcladora:MEZCLADORA_2|modul_10Hz:MODUL1|modul:M2|flip_flop_D_1bit:ff0|Q'
Slack : -3.268
TNS   : -13.072

Type  : Slow 1200mV 0C Model Recovery 'mezcladora:MEZCLADORA_1|contador_decimal:CONT|contador_4bits:C2|flip_flop_D_4bits:FF|Q[0]'
Slack : -3.249
TNS   : -12.996

Type  : Slow 1200mV 0C Model Recovery 'mezcladora:MEZCLADORA_2|contador_decimal:CONT|contador_4bits:C1|flip_flop_D_4bits:FF|Q[0]'
Slack : -3.156
TNS   : -12.624

Type  : Slow 1200mV 0C Model Recovery 'mezcladora:MEZCLADORA_3|contador_decimal:CONT|contador_4bits:C1|flip_flop_D_4bits:FF|Q[0]'
Slack : -3.118
TNS   : -11.641

Type  : Slow 1200mV 0C Model Recovery 'mezcladora:MEZCLADORA_3|modul_10Hz:MODUL1|modul:M2|flip_flop_D_1bit:ff0|Q'
Slack : -2.983
TNS   : -11.932

Type  : Slow 1200mV 0C Model Recovery 'clock'
Slack : -2.945
TNS   : -655.462

Type  : Slow 1200mV 0C Model Recovery 'serial_232:SERIAL1|modul_10Hz:MOD_10|modul:M1|flip_flop_D_1bit:ff0|Q'
Slack : -2.927
TNS   : -43.136

Type  : Slow 1200mV 0C Model Recovery 'mezcladora:MEZCLADORA_1|contador_decimal:CONT|contador_4bits:C1|flip_flop_D_4bits:FF|Q[0]'
Slack : -2.618
TNS   : -10.472

Type  : Slow 1200mV 0C Model Recovery 'mezcladora:MEZCLADORA_4|contador_decimal:CONT|contador_4bits:C2|flip_flop_D_4bits:FF|Q[0]'
Slack : -2.609
TNS   : -10.436

Type  : Slow 1200mV 0C Model Recovery 'mezcladora:MEZCLADORA_4|modul_10Hz:MODUL1|modul:M2|flip_flop_D_1bit:ff0|Q'
Slack : -2.600
TNS   : -8.993

Type  : Slow 1200mV 0C Model Recovery 'mezcladora:MEZCLADORA_4|macropantalla:MACROPANTALLA1|pantalla4:P4|modul_05Hz:MODUL|modul:M1|flip_flop_D_1bit:ff0|Q'
Slack : -2.497
TNS   : -39.706

Type  : Slow 1200mV 0C Model Recovery 'mezcladora:MEZCLADORA_2|macropantalla:MACROPANTALLA1|pantalla4:P4|modul_05Hz:MODUL|modul:M1|flip_flop_D_1bit:ff0|Q'
Slack : -2.428
TNS   : -38.519

Type  : Slow 1200mV 0C Model Recovery 'mezcladora:MEZCLADORA_1|modul_10Hz:MODUL1|modul:M2|flip_flop_D_1bit:ff0|Q'
Slack : -2.345
TNS   : -9.380

Type  : Slow 1200mV 0C Model Recovery 'mezcladora:MEZCLADORA_2|macropantalla:MACROPANTALLA1|pantalla1:P1|modul_10Hz:MODUL|modul:M1|flip_flop_D_1bit:ff0|Q'
Slack : -2.335
TNS   : -36.784

Type  : Slow 1200mV 0C Model Recovery 'mezcladora:MEZCLADORA_4|modul_10Hz:MODUL1|modul:M1|flip_flop_D_1bit:ff0|Q'
Slack : -2.331
TNS   : -36.646

Type  : Slow 1200mV 0C Model Recovery 'mezcladora:MEZCLADORA_1|macropantalla:MACROPANTALLA1|pantalla4:P4|modul_05Hz:MODUL|modul:M1|flip_flop_D_1bit:ff0|Q'
Slack : -2.324
TNS   : -37.014

Type  : Slow 1200mV 0C Model Recovery 'mezcladora:MEZCLADORA_3|macropantalla:MACROPANTALLA1|pantalla4:P4|modul_05Hz:MODUL|modul:M1|flip_flop_D_1bit:ff0|Q'
Slack : -2.249
TNS   : -34.235

Type  : Slow 1200mV 0C Model Recovery 'mezcladora:MEZCLADORA_3|modul_10Hz:MODUL1|modul:M1|flip_flop_D_1bit:ff0|Q'
Slack : -2.246
TNS   : -35.391

Type  : Slow 1200mV 0C Model Recovery 'mezcladora:MEZCLADORA_1|macropantalla:MACROPANTALLA1|pantalla1:P1|modul_10Hz:MODUL|modul:M1|flip_flop_D_1bit:ff0|Q'
Slack : -2.245
TNS   : -35.816

Type  : Slow 1200mV 0C Model Recovery 'mezcladora:MEZCLADORA_4|macropantalla:MACROPANTALLA1|pantalla1:P1|modul_10Hz:MODUL|modul:M1|flip_flop_D_1bit:ff0|Q'
Slack : -2.190
TNS   : -33.588

Type  : Slow 1200mV 0C Model Recovery 'modul_2Hz:MODUL2Hz|modul:M1|flip_flop_D_1bit:ff0|Q'
Slack : -2.116
TNS   : -33.013

Type  : Slow 1200mV 0C Model Recovery 'mezcladora:MEZCLADORA_3|macropantalla:MACROPANTALLA1|pantalla1:P1|modul_10Hz:MODUL|modul:M1|flip_flop_D_1bit:ff0|Q'
Slack : -2.109
TNS   : -33.620

Type  : Slow 1200mV 0C Model Recovery 'mezcladora:MEZCLADORA_1|modul_10Hz:MODUL1|modul:M1|flip_flop_D_1bit:ff0|Q'
Slack : -2.098
TNS   : -33.398

Type  : Slow 1200mV 0C Model Recovery 'mezcladora:MEZCLADORA_2|modul_10Hz:MODUL1|modul:M1|flip_flop_D_1bit:ff0|Q'
Slack : -2.095
TNS   : -32.972

Type  : Slow 1200mV 0C Model Recovery 'serial_232:SERIAL1|flip_flop_D_2bits:FF2|Q[0]'
Slack : -1.991
TNS   : -7.964

Type  : Slow 1200mV 0C Model Recovery 'serial_232:SERIAL1|flip_flop_D_1bit:FF1|Q'
Slack : -1.975
TNS   : -7.900

Type  : Slow 1200mV 0C Model Recovery 'mezcladora:MEZCLADORA_1|comandar:COMANDO1|flip_flop_D_1bit_descendente:GRUP1|Q'
Slack : -1.817
TNS   : -55.335

Type  : Slow 1200mV 0C Model Recovery 'mezcladora:MEZCLADORA_3|comandar:COMANDO1|flip_flop_D_1bit_descendente:GRUP1|Q'
Slack : -1.739
TNS   : -44.265

Type  : Slow 1200mV 0C Model Recovery 'mezcladora:MEZCLADORA_4|contador_decimal:CONT|contador_4bits:C1|flip_flop_D_4bits:FF|Q[0]'
Slack : -1.142
TNS   : -4.568

Type  : Slow 1200mV 0C Model Recovery 'mezcladora:MEZCLADORA_2|comandar:COMANDO1|flip_flop_D_1bit_descendente:GRUP1|Q'
Slack : -0.895
TNS   : -21.190

Type  : Slow 1200mV 0C Model Recovery 'mezcladora:MEZCLADORA_2|macropantalla:MACROPANTALLA1|pantalla4:P4|modul_05Hz:MODUL|modul:M2|flip_flop_D_1bit:ff0|Q'
Slack : -0.756
TNS   : -3.024

Type  : Slow 1200mV 0C Model Recovery 'mezcladora:MEZCLADORA_3|macropantalla:MACROPANTALLA1|pantalla4:P4|modul_05Hz:MODUL|modul:M2|flip_flop_D_1bit:ff0|Q'
Slack : -0.741
TNS   : -2.964

Type  : Slow 1200mV 0C Model Recovery 'mezcladora:MEZCLADORA_1|macropantalla:MACROPANTALLA1|pantalla4:P4|modul_05Hz:MODUL|modul:M2|flip_flop_D_1bit:ff0|Q'
Slack : -0.735
TNS   : -2.940

Type  : Slow 1200mV 0C Model Recovery 'mezcladora:MEZCLADORA_4|macropantalla:MACROPANTALLA1|pantalla4:P4|modul_05Hz:MODUL|modul:M2|flip_flop_D_1bit:ff0|Q'
Slack : -0.731
TNS   : -2.924

Type  : Slow 1200mV 0C Model Recovery 'mezcladora:MEZCLADORA_4|comandar:COMANDO1|flip_flop_D_1bit_descendente:GRUP1|Q'
Slack : -0.443
TNS   : -11.237

Type  : Slow 1200mV 0C Model Recovery 'mezcladora:MEZCLADORA_2|macropantalla:MACROPANTALLA1|pantalla1:P1|modul_10Hz:MODUL|modul:M2|flip_flop_D_1bit:ff0|Q'
Slack : -0.127
TNS   : -2.375

Type  : Slow 1200mV 0C Model Recovery 'mezcladora:MEZCLADORA_4|macropantalla:MACROPANTALLA1|pantalla1:P1|modul_10Hz:MODUL|modul:M2|flip_flop_D_1bit:ff0|Q'
Slack : -0.126
TNS   : -2.405

Type  : Slow 1200mV 0C Model Recovery 'mezcladora:MEZCLADORA_3|macropantalla:MACROPANTALLA1|pantalla1:P1|modul_10Hz:MODUL|modul:M2|flip_flop_D_1bit:ff0|Q'
Slack : -0.125
TNS   : -2.383

Type  : Slow 1200mV 0C Model Recovery 'mezcladora:MEZCLADORA_1|macropantalla:MACROPANTALLA1|pantalla1:P1|modul_10Hz:MODUL|modul:M2|flip_flop_D_1bit:ff0|Q'
Slack : -0.125
TNS   : -2.343

Type  : Slow 1200mV 0C Model Removal 'mezcladora:MEZCLADORA_4|contador_decimal:CONT|contador_4bits:C1|flip_flop_D_4bits:FF|Q[0]'
Slack : -1.312
TNS   : -5.248

Type  : Slow 1200mV 0C Model Removal 'clock'
Slack : -1.094
TNS   : -59.535

Type  : Slow 1200mV 0C Model Removal 'mezcladora:MEZCLADORA_2|modul_10Hz:MODUL1|modul:M2|flip_flop_D_1bit:ff0|Q'
Slack : -0.872
TNS   : -3.488

Type  : Slow 1200mV 0C Model Removal 'mezcladora:MEZCLADORA_1|macropantalla:MACROPANTALLA1|pantalla1:P1|modul_10Hz:MODUL|modul:M1|flip_flop_D_1bit:ff0|Q'
Slack : -0.641
TNS   : -9.963

Type  : Slow 1200mV 0C Model Removal 'mezcladora:MEZCLADORA_4|modul_10Hz:MODUL1|modul:M2|flip_flop_D_1bit:ff0|Q'
Slack : -0.550
TNS   : -1.748

Type  : Slow 1200mV 0C Model Removal 'mezcladora:MEZCLADORA_2|modul_10Hz:MODUL1|modul:M1|flip_flop_D_1bit:ff0|Q'
Slack : -0.485
TNS   : -7.660

Type  : Slow 1200mV 0C Model Removal 'mezcladora:MEZCLADORA_1|modul_10Hz:MODUL1|modul:M2|flip_flop_D_1bit:ff0|Q'
Slack : -0.467
TNS   : -1.868

Type  : Slow 1200mV 0C Model Removal 'mezcladora:MEZCLADORA_3|modul_10Hz:MODUL1|modul:M1|flip_flop_D_1bit:ff0|Q'
Slack : -0.399
TNS   : -4.845

Type  : Slow 1200mV 0C Model Removal 'mezcladora:MEZCLADORA_3|macropantalla:MACROPANTALLA1|pantalla1:P1|modul_10Hz:MODUL|modul:M1|flip_flop_D_1bit:ff0|Q'
Slack : -0.364
TNS   : -5.641

Type  : Slow 1200mV 0C Model Removal 'mezcladora:MEZCLADORA_1|macropantalla:MACROPANTALLA1|pantalla4:P4|modul_05Hz:MODUL|modul:M1|flip_flop_D_1bit:ff0|Q'
Slack : -0.327
TNS   : -4.922

Type  : Slow 1200mV 0C Model Removal 'mezcladora:MEZCLADORA_2|contador_decimal:CONT|contador_4bits:C1|flip_flop_D_4bits:FF|Q[0]'
Slack : -0.300
TNS   : -1.200

Type  : Slow 1200mV 0C Model Removal 'mezcladora:MEZCLADORA_4|macropantalla:MACROPANTALLA1|pantalla1:P1|modul_10Hz:MODUL|modul:M1|flip_flop_D_1bit:ff0|Q'
Slack : -0.252
TNS   : -2.384

Type  : Slow 1200mV 0C Model Removal 'mezcladora:MEZCLADORA_2|macropantalla:MACROPANTALLA1|pantalla1:P1|modul_10Hz:MODUL|modul:M1|flip_flop_D_1bit:ff0|Q'
Slack : -0.201
TNS   : -2.276

Type  : Slow 1200mV 0C Model Removal 'mezcladora:MEZCLADORA_4|macropantalla:MACROPANTALLA1|pantalla4:P4|modul_05Hz:MODUL|modul:M1|flip_flop_D_1bit:ff0|Q'
Slack : -0.198
TNS   : -2.784

Type  : Slow 1200mV 0C Model Removal 'mezcladora:MEZCLADORA_2|macropantalla:MACROPANTALLA1|pantalla4:P4|modul_05Hz:MODUL|modul:M1|flip_flop_D_1bit:ff0|Q'
Slack : -0.152
TNS   : -2.130

Type  : Slow 1200mV 0C Model Removal 'mezcladora:MEZCLADORA_1|modul_10Hz:MODUL1|modul:M1|flip_flop_D_1bit:ff0|Q'
Slack : -0.104
TNS   : -1.377

Type  : Slow 1200mV 0C Model Removal 'mezcladora:MEZCLADORA_3|macropantalla:MACROPANTALLA1|pantalla4:P4|modul_05Hz:MODUL|modul:M1|flip_flop_D_1bit:ff0|Q'
Slack : -0.091
TNS   : -0.997

Type  : Slow 1200mV 0C Model Removal 'mezcladora:MEZCLADORA_3|contador_decimal:CONT|contador_4bits:C1|flip_flop_D_4bits:FF|Q[0]'
Slack : -0.084
TNS   : -0.252

Type  : Slow 1200mV 0C Model Removal 'serial_232:SERIAL1|flip_flop_D_2bits:FF2|Q[0]'
Slack : -0.069
TNS   : -0.276

Type  : Slow 1200mV 0C Model Removal 'serial_232:SERIAL1|modul_10Hz:MOD_10|modul:M1|flip_flop_D_1bit:ff0|Q'
Slack : -0.059
TNS   : -0.413

Type  : Slow 1200mV 0C Model Removal 'mezcladora:MEZCLADORA_1|contador_decimal:CONT|contador_4bits:C1|flip_flop_D_4bits:FF|Q[0]'
Slack : 0.220
TNS   : 0.000

Type  : Slow 1200mV 0C Model Removal 'mezcladora:MEZCLADORA_4|modul_10Hz:MODUL1|modul:M1|flip_flop_D_1bit:ff0|Q'
Slack : 0.271
TNS   : 0.000

Type  : Slow 1200mV 0C Model Removal 'mezcladora:MEZCLADORA_3|modul_10Hz:MODUL1|modul:M2|flip_flop_D_1bit:ff0|Q'
Slack : 0.616
TNS   : 0.000

Type  : Slow 1200mV 0C Model Removal 'mezcladora:MEZCLADORA_4|comandar:COMANDO1|flip_flop_D_1bit_descendente:GRUP1|Q'
Slack : 0.735
TNS   : 0.000

Type  : Slow 1200mV 0C Model Removal 'mezcladora:MEZCLADORA_2|macropantalla:MACROPANTALLA1|pantalla1:P1|modul_10Hz:MODUL|modul:M2|flip_flop_D_1bit:ff0|Q'
Slack : 0.743
TNS   : 0.000

Type  : Slow 1200mV 0C Model Removal 'mezcladora:MEZCLADORA_4|macropantalla:MACROPANTALLA1|pantalla1:P1|modul_10Hz:MODUL|modul:M2|flip_flop_D_1bit:ff0|Q'
Slack : 0.744
TNS   : 0.000

Type  : Slow 1200mV 0C Model Removal 'mezcladora:MEZCLADORA_1|macropantalla:MACROPANTALLA1|pantalla1:P1|modul_10Hz:MODUL|modul:M2|flip_flop_D_1bit:ff0|Q'
Slack : 0.745
TNS   : 0.000

Type  : Slow 1200mV 0C Model Removal 'mezcladora:MEZCLADORA_3|macropantalla:MACROPANTALLA1|pantalla1:P1|modul_10Hz:MODUL|modul:M2|flip_flop_D_1bit:ff0|Q'
Slack : 0.746
TNS   : 0.000

Type  : Slow 1200mV 0C Model Removal 'mezcladora:MEZCLADORA_2|comandar:COMANDO1|flip_flop_D_1bit_descendente:GRUP1|Q'
Slack : 0.996
TNS   : 0.000

Type  : Slow 1200mV 0C Model Removal 'mezcladora:MEZCLADORA_3|macropantalla:MACROPANTALLA1|pantalla4:P4|modul_05Hz:MODUL|modul:M2|flip_flop_D_1bit:ff0|Q'
Slack : 1.117
TNS   : 0.000

Type  : Slow 1200mV 0C Model Removal 'mezcladora:MEZCLADORA_4|macropantalla:MACROPANTALLA1|pantalla4:P4|modul_05Hz:MODUL|modul:M2|flip_flop_D_1bit:ff0|Q'
Slack : 1.121
TNS   : 0.000

Type  : Slow 1200mV 0C Model Removal 'mezcladora:MEZCLADORA_2|macropantalla:MACROPANTALLA1|pantalla4:P4|modul_05Hz:MODUL|modul:M2|flip_flop_D_1bit:ff0|Q'
Slack : 1.125
TNS   : 0.000

Type  : Slow 1200mV 0C Model Removal 'mezcladora:MEZCLADORA_1|macropantalla:MACROPANTALLA1|pantalla4:P4|modul_05Hz:MODUL|modul:M2|flip_flop_D_1bit:ff0|Q'
Slack : 1.126
TNS   : 0.000

Type  : Slow 1200mV 0C Model Removal 'serial_232:SERIAL1|flip_flop_D_1bit:FF1|Q'
Slack : 1.130
TNS   : 0.000

Type  : Slow 1200mV 0C Model Removal 'mezcladora:MEZCLADORA_3|comandar:COMANDO1|flip_flop_D_1bit_descendente:GRUP1|Q'
Slack : 1.369
TNS   : 0.000

Type  : Slow 1200mV 0C Model Removal 'modul_2Hz:MODUL2Hz|modul:M1|flip_flop_D_1bit:ff0|Q'
Slack : 1.470
TNS   : 0.000

Type  : Slow 1200mV 0C Model Removal 'mezcladora:MEZCLADORA_1|comandar:COMANDO1|flip_flop_D_1bit_descendente:GRUP1|Q'
Slack : 1.742
TNS   : 0.000

Type  : Slow 1200mV 0C Model Removal 'mezcladora:MEZCLADORA_1|contador_decimal:CONT|contador_4bits:C2|flip_flop_D_4bits:FF|Q[0]'
Slack : 2.119
TNS   : 0.000

Type  : Slow 1200mV 0C Model Removal 'mezcladora:MEZCLADORA_4|contador_decimal:CONT|contador_4bits:C2|flip_flop_D_4bits:FF|Q[0]'
Slack : 2.502
TNS   : 0.000

Type  : Slow 1200mV 0C Model Removal 'mezcladora:MEZCLADORA_3|contador_decimal:CONT|contador_4bits:C2|flip_flop_D_4bits:FF|Q[0]'
Slack : 2.626
TNS   : 0.000

Type  : Slow 1200mV 0C Model Removal 'mezcladora:MEZCLADORA_2|contador_decimal:CONT|contador_4bits:C2|flip_flop_D_4bits:FF|Q[0]'
Slack : 3.399
TNS   : 0.000

Type  : Fast 1200mV 0C Model Setup 'mezcladora:MEZCLADORA_3|modul_10Hz:MODUL1|modul:M2|flip_flop_D_1bit:ff0|Q'
Slack : -3.974
TNS   : -15.420

Type  : Fast 1200mV 0C Model Setup 'mezcladora:MEZCLADORA_1|modul_10Hz:MODUL1|modul:M2|flip_flop_D_1bit:ff0|Q'
Slack : -3.773
TNS   : -14.805

Type  : Fast 1200mV 0C Model Setup 'clock'
Slack : -3.449
TNS   : -338.123

Type  : Fast 1200mV 0C Model Setup 'mezcladora:MEZCLADORA_2|modul_10Hz:MODUL1|modul:M2|flip_flop_D_1bit:ff0|Q'
Slack : -2.920
TNS   : -11.387

Type  : Fast 1200mV 0C Model Setup 'mezcladora:MEZCLADORA_4|modul_10Hz:MODUL1|modul:M2|flip_flop_D_1bit:ff0|Q'
Slack : -2.730
TNS   : -10.404

Type  : Fast 1200mV 0C Model Setup 'mezcladora:MEZCLADORA_1|macropantalla:MACROPANTALLA1|pantalla1:P1|modul_10Hz:MODUL|modul:M1|flip_flop_D_1bit:ff0|Q'
Slack : -1.644
TNS   : -8.094

Type  : Fast 1200mV 0C Model Setup 'mezcladora:MEZCLADORA_2|modul_10Hz:MODUL1|modul:M1|flip_flop_D_1bit:ff0|Q'
Slack : -1.619
TNS   : -7.271

Type  : Fast 1200mV 0C Model Setup 'mezcladora:MEZCLADORA_2|comandar:COMANDO1|flip_flop_D_1bit_descendente:GRUP1|Q'
Slack : -1.464
TNS   : -10.300

Type  : Fast 1200mV 0C Model Setup 'mezcladora:MEZCLADORA_1|macropantalla:MACROPANTALLA1|pantalla4:P4|modul_05Hz:MODUL|modul:M1|flip_flop_D_1bit:ff0|Q'
Slack : -1.455
TNS   : -7.565

Type  : Fast 1200mV 0C Model Setup 'mezcladora:MEZCLADORA_1|modul_10Hz:MODUL1|modul:M1|flip_flop_D_1bit:ff0|Q'
Slack : -1.449
TNS   : -7.080

Type  : Fast 1200mV 0C Model Setup 'mezcladora:MEZCLADORA_3|macropantalla:MACROPANTALLA1|pantalla1:P1|modul_10Hz:MODUL|modul:M1|flip_flop_D_1bit:ff0|Q'
Slack : -1.341
TNS   : -5.935

Type  : Fast 1200mV 0C Model Setup 'mezcladora:MEZCLADORA_2|macropantalla:MACROPANTALLA1|pantalla4:P4|modul_05Hz:MODUL|modul:M1|flip_flop_D_1bit:ff0|Q'
Slack : -1.333
TNS   : -13.261

Type  : Fast 1200mV 0C Model Setup 'mezcladora:MEZCLADORA_4|macropantalla:MACROPANTALLA1|pantalla1:P1|modul_10Hz:MODUL|modul:M1|flip_flop_D_1bit:ff0|Q'
Slack : -1.327
TNS   : -7.354

Type  : Fast 1200mV 0C Model Setup 'mezcladora:MEZCLADORA_2|macropantalla:MACROPANTALLA1|pantalla1:P1|modul_10Hz:MODUL|modul:M1|flip_flop_D_1bit:ff0|Q'
Slack : -1.295
TNS   : -6.649

Type  : Fast 1200mV 0C Model Setup 'mezcladora:MEZCLADORA_1|comandar:COMANDO1|flip_flop_D_1bit_descendente:GRUP1|Q'
Slack : -1.214
TNS   : -7.687

Type  : Fast 1200mV 0C Model Setup 'serial_232:SERIAL1|modul_10Hz:MOD_10|modul:M1|flip_flop_D_1bit:ff0|Q'
Slack : -1.158
TNS   : -5.967

Type  : Fast 1200mV 0C Model Setup 'mezcladora:MEZCLADORA_3|modul_10Hz:MODUL1|modul:M1|flip_flop_D_1bit:ff0|Q'
Slack : -1.125
TNS   : -6.116

Type  : Fast 1200mV 0C Model Setup 'mezcladora:MEZCLADORA_4|comandar:COMANDO1|flip_flop_D_1bit_descendente:GRUP1|Q'
Slack : -1.116
TNS   : -7.553

Type  : Fast 1200mV 0C Model Setup 'mezcladora:MEZCLADORA_3|macropantalla:MACROPANTALLA1|pantalla4:P4|modul_05Hz:MODUL|modul:M1|flip_flop_D_1bit:ff0|Q'
Slack : -1.004
TNS   : -4.939

Type  : Fast 1200mV 0C Model Setup 'mezcladora:MEZCLADORA_4|macropantalla:MACROPANTALLA1|pantalla4:P4|modul_05Hz:MODUL|modul:M1|flip_flop_D_1bit:ff0|Q'
Slack : -0.973
TNS   : -7.089

Type  : Fast 1200mV 0C Model Setup 'mezcladora:MEZCLADORA_4|modul_10Hz:MODUL1|modul:M1|flip_flop_D_1bit:ff0|Q'
Slack : -0.831
TNS   : -7.600

Type  : Fast 1200mV 0C Model Setup 'mezcladora:MEZCLADORA_3|comandar:COMANDO1|flip_flop_D_1bit_descendente:GRUP1|Q'
Slack : -0.827
TNS   : -5.477

Type  : Fast 1200mV 0C Model Setup 'modul_2Hz:MODUL2Hz|modul:M1|flip_flop_D_1bit:ff0|Q'
Slack : -0.453
TNS   : -3.891

Type  : Fast 1200mV 0C Model Setup 'serial_232:SERIAL1|flip_flop_D_1bit:FF1|Q'
Slack : -0.194
TNS   : -0.514

Type  : Fast 1200mV 0C Model Setup 'mezcladora:MEZCLADORA_1|contador_decimal:CONT|contador_4bits:C1|flip_flop_D_4bits:FF|Q[0]'
Slack : 0.028
TNS   : 0.000

Type  : Fast 1200mV 0C Model Setup 'mezcladora:MEZCLADORA_4|contador_decimal:CONT|contador_4bits:C1|flip_flop_D_4bits:FF|Q[0]'
Slack : 0.042
TNS   : 0.000

Type  : Fast 1200mV 0C Model Setup 'serial_232:SERIAL1|modul_10Hz:MOD_10|modul:M2|flip_flop_D_1bit:ff0|Q'
Slack : 0.107
TNS   : 0.000

Type  : Fast 1200mV 0C Model Setup 'mezcladora:MEZCLADORA_2|contador_decimal:CONT|contador_4bits:C1|flip_flop_D_4bits:FF|Q[0]'
Slack : 0.167
TNS   : 0.000

Type  : Fast 1200mV 0C Model Setup 'mezcladora:MEZCLADORA_3|contador_decimal:CONT|contador_4bits:C1|flip_flop_D_4bits:FF|Q[0]'
Slack : 0.170
TNS   : 0.000

Type  : Fast 1200mV 0C Model Setup 'serial_232:SERIAL1|flip_flop_D_2bits:FF2|Q[0]'
Slack : 0.293
TNS   : 0.000

Type  : Fast 1200mV 0C Model Setup 'mezcladora:MEZCLADORA_3|macropantalla:MACROPANTALLA1|pantalla4:P4|modul_05Hz:MODUL|modul:M2|flip_flop_D_1bit:ff0|Q'
Slack : 0.388
TNS   : 0.000

Type  : Fast 1200mV 0C Model Setup 'mezcladora:MEZCLADORA_1|macropantalla:MACROPANTALLA1|pantalla4:P4|modul_05Hz:MODUL|modul:M2|flip_flop_D_1bit:ff0|Q'
Slack : 0.393
TNS   : 0.000

Type  : Fast 1200mV 0C Model Setup 'mezcladora:MEZCLADORA_4|macropantalla:MACROPANTALLA1|pantalla4:P4|modul_05Hz:MODUL|modul:M2|flip_flop_D_1bit:ff0|Q'
Slack : 0.400
TNS   : 0.000

Type  : Fast 1200mV 0C Model Setup 'mezcladora:MEZCLADORA_2|macropantalla:MACROPANTALLA1|pantalla4:P4|modul_05Hz:MODUL|modul:M2|flip_flop_D_1bit:ff0|Q'
Slack : 0.404
TNS   : 0.000

Type  : Fast 1200mV 0C Model Setup 'mezcladora:MEZCLADORA_3|contador_decimal:CONT|contador_4bits:C2|flip_flop_D_4bits:FF|Q[0]'
Slack : 0.412
TNS   : 0.000

Type  : Fast 1200mV 0C Model Setup 'mezcladora:MEZCLADORA_2|contador_decimal:CONT|contador_4bits:C2|flip_flop_D_4bits:FF|Q[0]'
Slack : 0.418
TNS   : 0.000

Type  : Fast 1200mV 0C Model Setup 'mezcladora:MEZCLADORA_1|contador_decimal:CONT|contador_4bits:C2|flip_flop_D_4bits:FF|Q[0]'
Slack : 0.422
TNS   : 0.000

Type  : Fast 1200mV 0C Model Setup 'mezcladora:MEZCLADORA_1|macropantalla:MACROPANTALLA1|pantalla1:P1|modul_10Hz:MODUL|modul:M2|flip_flop_D_1bit:ff0|Q'
Slack : 0.432
TNS   : 0.000

Type  : Fast 1200mV 0C Model Setup 'mezcladora:MEZCLADORA_4|contador_decimal:CONT|contador_4bits:C2|flip_flop_D_4bits:FF|Q[0]'
Slack : 0.432
TNS   : 0.000

Type  : Fast 1200mV 0C Model Setup 'mezcladora:MEZCLADORA_4|macropantalla:MACROPANTALLA1|pantalla1:P1|modul_10Hz:MODUL|modul:M2|flip_flop_D_1bit:ff0|Q'
Slack : 0.440
TNS   : 0.000

Type  : Fast 1200mV 0C Model Setup 'mezcladora:MEZCLADORA_2|macropantalla:MACROPANTALLA1|pantalla1:P1|modul_10Hz:MODUL|modul:M2|flip_flop_D_1bit:ff0|Q'
Slack : 0.452
TNS   : 0.000

Type  : Fast 1200mV 0C Model Setup 'mezcladora:MEZCLADORA_3|macropantalla:MACROPANTALLA1|pantalla1:P1|modul_10Hz:MODUL|modul:M2|flip_flop_D_1bit:ff0|Q'
Slack : 0.519
TNS   : 0.000

Type  : Fast 1200mV 0C Model Hold 'mezcladora:MEZCLADORA_3|contador_decimal:CONT|contador_4bits:C1|flip_flop_D_4bits:FF|Q[0]'
Slack : -0.799
TNS   : -1.445

Type  : Fast 1200mV 0C Model Hold 'mezcladora:MEZCLADORA_4|contador_decimal:CONT|contador_4bits:C1|flip_flop_D_4bits:FF|Q[0]'
Slack : -0.795
TNS   : -2.424

Type  : Fast 1200mV 0C Model Hold 'clock'
Slack : -0.614
TNS   : -7.580

Type  : Fast 1200mV 0C Model Hold 'mezcladora:MEZCLADORA_1|macropantalla:MACROPANTALLA1|pantalla4:P4|modul_05Hz:MODUL|modul:M1|flip_flop_D_1bit:ff0|Q'
Slack : -0.394
TNS   : -0.584

Type  : Fast 1200mV 0C Model Hold 'mezcladora:MEZCLADORA_3|comandar:COMANDO1|flip_flop_D_1bit_descendente:GRUP1|Q'
Slack : -0.392
TNS   : -1.373

Type  : Fast 1200mV 0C Model Hold 'mezcladora:MEZCLADORA_1|contador_decimal:CONT|contador_4bits:C1|flip_flop_D_4bits:FF|Q[0]'
Slack : -0.390
TNS   : -0.458

Type  : Fast 1200mV 0C Model Hold 'mezcladora:MEZCLADORA_1|modul_10Hz:MODUL1|modul:M1|flip_flop_D_1bit:ff0|Q'
Slack : -0.363
TNS   : -0.393

Type  : Fast 1200mV 0C Model Hold 'mezcladora:MEZCLADORA_1|macropantalla:MACROPANTALLA1|pantalla1:P1|modul_10Hz:MODUL|modul:M1|flip_flop_D_1bit:ff0|Q'
Slack : -0.361
TNS   : -0.472

Type  : Fast 1200mV 0C Model Hold 'mezcladora:MEZCLADORA_4|modul_10Hz:MODUL1|modul:M2|flip_flop_D_1bit:ff0|Q'
Slack : -0.319
TNS   : -0.724

Type  : Fast 1200mV 0C Model Hold 'mezcladora:MEZCLADORA_2|macropantalla:MACROPANTALLA1|pantalla4:P4|modul_05Hz:MODUL|modul:M1|flip_flop_D_1bit:ff0|Q'
Slack : -0.300
TNS   : -0.314

Type  : Fast 1200mV 0C Model Hold 'mezcladora:MEZCLADORA_1|comandar:COMANDO1|flip_flop_D_1bit_descendente:GRUP1|Q'
Slack : -0.296
TNS   : -0.296

Type  : Fast 1200mV 0C Model Hold 'mezcladora:MEZCLADORA_3|macropantalla:MACROPANTALLA1|pantalla1:P1|modul_10Hz:MODUL|modul:M1|flip_flop_D_1bit:ff0|Q'
Slack : -0.270
TNS   : -0.532

Type  : Fast 1200mV 0C Model Hold 'mezcladora:MEZCLADORA_4|macropantalla:MACROPANTALLA1|pantalla4:P4|modul_05Hz:MODUL|modul:M1|flip_flop_D_1bit:ff0|Q'
Slack : -0.249
TNS   : -0.299

Type  : Fast 1200mV 0C Model Hold 'mezcladora:MEZCLADORA_3|modul_10Hz:MODUL1|modul:M1|flip_flop_D_1bit:ff0|Q'
Slack : -0.217
TNS   : -0.217

Type  : Fast 1200mV 0C Model Hold 'mezcladora:MEZCLADORA_4|macropantalla:MACROPANTALLA1|pantalla1:P1|modul_10Hz:MODUL|modul:M1|flip_flop_D_1bit:ff0|Q'
Slack : -0.214
TNS   : -0.340

Type  : Fast 1200mV 0C Model Hold 'mezcladora:MEZCLADORA_4|modul_10Hz:MODUL1|modul:M1|flip_flop_D_1bit:ff0|Q'
Slack : -0.213
TNS   : -0.392

Type  : Fast 1200mV 0C Model Hold 'mezcladora:MEZCLADORA_2|macropantalla:MACROPANTALLA1|pantalla1:P1|modul_10Hz:MODUL|modul:M1|flip_flop_D_1bit:ff0|Q'
Slack : -0.180
TNS   : -0.189

Type  : Fast 1200mV 0C Model Hold 'mezcladora:MEZCLADORA_3|macropantalla:MACROPANTALLA1|pantalla4:P4|modul_05Hz:MODUL|modul:M1|flip_flop_D_1bit:ff0|Q'
Slack : -0.174
TNS   : -0.277

Type  : Fast 1200mV 0C Model Hold 'mezcladora:MEZCLADORA_2|contador_decimal:CONT|contador_4bits:C1|flip_flop_D_4bits:FF|Q[0]'
Slack : -0.151
TNS   : -0.172

Type  : Fast 1200mV 0C Model Hold 'mezcladora:MEZCLADORA_2|modul_10Hz:MODUL1|modul:M1|flip_flop_D_1bit:ff0|Q'
Slack : -0.130
TNS   : -0.235

Type  : Fast 1200mV 0C Model Hold 'mezcladora:MEZCLADORA_3|modul_10Hz:MODUL1|modul:M2|flip_flop_D_1bit:ff0|Q'
Slack : -0.098
TNS   : -0.098

Type  : Fast 1200mV 0C Model Hold 'mezcladora:MEZCLADORA_1|modul_10Hz:MODUL1|modul:M2|flip_flop_D_1bit:ff0|Q'
Slack : -0.086
TNS   : -0.086

Type  : Fast 1200mV 0C Model Hold 'mezcladora:MEZCLADORA_2|modul_10Hz:MODUL1|modul:M2|flip_flop_D_1bit:ff0|Q'
Slack : -0.077
TNS   : -0.169

Type  : Fast 1200mV 0C Model Hold 'mezcladora:MEZCLADORA_4|comandar:COMANDO1|flip_flop_D_1bit_descendente:GRUP1|Q'
Slack : -0.070
TNS   : -0.070

Type  : Fast 1200mV 0C Model Hold 'serial_232:SERIAL1|modul_10Hz:MOD_10|modul:M1|flip_flop_D_1bit:ff0|Q'
Slack : -0.021
TNS   : -0.021

Type  : Fast 1200mV 0C Model Hold 'mezcladora:MEZCLADORA_2|comandar:COMANDO1|flip_flop_D_1bit_descendente:GRUP1|Q'
Slack : 0.079
TNS   : 0.000

Type  : Fast 1200mV 0C Model Hold 'modul_2Hz:MODUL2Hz|modul:M1|flip_flop_D_1bit:ff0|Q'
Slack : 0.187
TNS   : 0.000

Type  : Fast 1200mV 0C Model Hold 'mezcladora:MEZCLADORA_1|macropantalla:MACROPANTALLA1|pantalla1:P1|modul_10Hz:MODUL|modul:M2|flip_flop_D_1bit:ff0|Q'
Slack : 0.193
TNS   : 0.000

Type  : Fast 1200mV 0C Model Hold 'mezcladora:MEZCLADORA_3|macropantalla:MACROPANTALLA1|pantalla1:P1|modul_10Hz:MODUL|modul:M2|flip_flop_D_1bit:ff0|Q'
Slack : 0.193
TNS   : 0.000

Type  : Fast 1200mV 0C Model Hold 'mezcladora:MEZCLADORA_2|macropantalla:MACROPANTALLA1|pantalla1:P1|modul_10Hz:MODUL|modul:M2|flip_flop_D_1bit:ff0|Q'
Slack : 0.194
TNS   : 0.000

Type  : Fast 1200mV 0C Model Hold 'mezcladora:MEZCLADORA_4|macropantalla:MACROPANTALLA1|pantalla1:P1|modul_10Hz:MODUL|modul:M2|flip_flop_D_1bit:ff0|Q'
Slack : 0.194
TNS   : 0.000

Type  : Fast 1200mV 0C Model Hold 'mezcladora:MEZCLADORA_3|macropantalla:MACROPANTALLA1|pantalla4:P4|modul_05Hz:MODUL|modul:M2|flip_flop_D_1bit:ff0|Q'
Slack : 0.197
TNS   : 0.000

Type  : Fast 1200mV 0C Model Hold 'mezcladora:MEZCLADORA_4|contador_decimal:CONT|contador_4bits:C2|flip_flop_D_4bits:FF|Q[0]'
Slack : 0.197
TNS   : 0.000

Type  : Fast 1200mV 0C Model Hold 'mezcladora:MEZCLADORA_4|macropantalla:MACROPANTALLA1|pantalla4:P4|modul_05Hz:MODUL|modul:M2|flip_flop_D_1bit:ff0|Q'
Slack : 0.198
TNS   : 0.000

Type  : Fast 1200mV 0C Model Hold 'mezcladora:MEZCLADORA_2|macropantalla:MACROPANTALLA1|pantalla4:P4|modul_05Hz:MODUL|modul:M2|flip_flop_D_1bit:ff0|Q'
Slack : 0.199
TNS   : 0.000

Type  : Fast 1200mV 0C Model Hold 'serial_232:SERIAL1|flip_flop_D_1bit:FF1|Q'
Slack : 0.199
TNS   : 0.000

Type  : Fast 1200mV 0C Model Hold 'mezcladora:MEZCLADORA_1|macropantalla:MACROPANTALLA1|pantalla4:P4|modul_05Hz:MODUL|modul:M2|flip_flop_D_1bit:ff0|Q'
Slack : 0.200
TNS   : 0.000

Type  : Fast 1200mV 0C Model Hold 'mezcladora:MEZCLADORA_3|contador_decimal:CONT|contador_4bits:C2|flip_flop_D_4bits:FF|Q[0]'
Slack : 0.200
TNS   : 0.000

Type  : Fast 1200mV 0C Model Hold 'serial_232:SERIAL1|flip_flop_D_2bits:FF2|Q[0]'
Slack : 0.200
TNS   : 0.000

Type  : Fast 1200mV 0C Model Hold 'mezcladora:MEZCLADORA_1|contador_decimal:CONT|contador_4bits:C2|flip_flop_D_4bits:FF|Q[0]'
Slack : 0.201
TNS   : 0.000

Type  : Fast 1200mV 0C Model Hold 'mezcladora:MEZCLADORA_2|contador_decimal:CONT|contador_4bits:C2|flip_flop_D_4bits:FF|Q[0]'
Slack : 0.201
TNS   : 0.000

Type  : Fast 1200mV 0C Model Hold 'serial_232:SERIAL1|modul_10Hz:MOD_10|modul:M2|flip_flop_D_1bit:ff0|Q'
Slack : 0.468
TNS   : 0.000

Type  : Fast 1200mV 0C Model Recovery 'mezcladora:MEZCLADORA_2|contador_decimal:CONT|contador_4bits:C2|flip_flop_D_4bits:FF|Q[0]'
Slack : -3.019
TNS   : -12.076

Type  : Fast 1200mV 0C Model Recovery 'mezcladora:MEZCLADORA_3|contador_decimal:CONT|contador_4bits:C2|flip_flop_D_4bits:FF|Q[0]'
Slack : -2.085
TNS   : -8.340

Type  : Fast 1200mV 0C Model Recovery 'mezcladora:MEZCLADORA_2|modul_10Hz:MODUL1|modul:M2|flip_flop_D_1bit:ff0|Q'
Slack : -1.926
TNS   : -7.704

Type  : Fast 1200mV 0C Model Recovery 'mezcladora:MEZCLADORA_3|contador_decimal:CONT|contador_4bits:C1|flip_flop_D_4bits:FF|Q[0]'
Slack : -1.866
TNS   : -6.639

Type  : Fast 1200mV 0C Model Recovery 'mezcladora:MEZCLADORA_1|contador_decimal:CONT|contador_4bits:C2|flip_flop_D_4bits:FF|Q[0]'
Slack : -1.802
TNS   : -7.208

Type  : Fast 1200mV 0C Model Recovery 'mezcladora:MEZCLADORA_3|modul_10Hz:MODUL1|modul:M2|flip_flop_D_1bit:ff0|Q'
Slack : -1.797
TNS   : -7.188

Type  : Fast 1200mV 0C Model Recovery 'mezcladora:MEZCLADORA_2|contador_decimal:CONT|contador_4bits:C1|flip_flop_D_4bits:FF|Q[0]'
Slack : -1.767
TNS   : -7.068

Type  : Fast 1200mV 0C Model Recovery 'mezcladora:MEZCLADORA_4|modul_10Hz:MODUL1|modul:M2|flip_flop_D_1bit:ff0|Q'
Slack : -1.589
TNS   : -5.468

Type  : Fast 1200mV 0C Model Recovery 'clock'
Slack : -1.528
TNS   : -329.643

Type  : Fast 1200mV 0C Model Recovery 'mezcladora:MEZCLADORA_1|contador_decimal:CONT|contador_4bits:C1|flip_flop_D_4bits:FF|Q[0]'
Slack : -1.502
TNS   : -6.008

Type  : Fast 1200mV 0C Model Recovery 'mezcladora:MEZCLADORA_4|contador_decimal:CONT|contador_4bits:C2|flip_flop_D_4bits:FF|Q[0]'
Slack : -1.435
TNS   : -5.740

Type  : Fast 1200mV 0C Model Recovery 'serial_232:SERIAL1|modul_10Hz:MOD_10|modul:M1|flip_flop_D_1bit:ff0|Q'
Slack : -1.419
TNS   : -20.429

Type  : Fast 1200mV 0C Model Recovery 'mezcladora:MEZCLADORA_1|modul_10Hz:MODUL1|modul:M2|flip_flop_D_1bit:ff0|Q'
Slack : -1.340
TNS   : -5.360

Type  : Fast 1200mV 0C Model Recovery 'mezcladora:MEZCLADORA_4|macropantalla:MACROPANTALLA1|pantalla4:P4|modul_05Hz:MODUL|modul:M1|flip_flop_D_1bit:ff0|Q'
Slack : -1.192
TNS   : -18.886

Type  : Fast 1200mV 0C Model Recovery 'mezcladora:MEZCLADORA_2|macropantalla:MACROPANTALLA1|pantalla4:P4|modul_05Hz:MODUL|modul:M1|flip_flop_D_1bit:ff0|Q'
Slack : -1.160
TNS   : -18.265

Type  : Fast 1200mV 0C Model Recovery 'mezcladora:MEZCLADORA_2|macropantalla:MACROPANTALLA1|pantalla1:P1|modul_10Hz:MODUL|modul:M1|flip_flop_D_1bit:ff0|Q'
Slack : -1.130
TNS   : -17.408

Type  : Fast 1200mV 0C Model Recovery 'mezcladora:MEZCLADORA_1|macropantalla:MACROPANTALLA1|pantalla4:P4|modul_05Hz:MODUL|modul:M1|flip_flop_D_1bit:ff0|Q'
Slack : -1.097
TNS   : -17.417

Type  : Fast 1200mV 0C Model Recovery 'mezcladora:MEZCLADORA_3|modul_10Hz:MODUL1|modul:M1|flip_flop_D_1bit:ff0|Q'
Slack : -1.058
TNS   : -16.541

Type  : Fast 1200mV 0C Model Recovery 'mezcladora:MEZCLADORA_4|modul_10Hz:MODUL1|modul:M1|flip_flop_D_1bit:ff0|Q'
Slack : -1.053
TNS   : -16.375

Type  : Fast 1200mV 0C Model Recovery 'serial_232:SERIAL1|flip_flop_D_2bits:FF2|Q[0]'
Slack : -1.041
TNS   : -4.164

Type  : Fast 1200mV 0C Model Recovery 'mezcladora:MEZCLADORA_3|macropantalla:MACROPANTALLA1|pantalla4:P4|modul_05Hz:MODUL|modul:M1|flip_flop_D_1bit:ff0|Q'
Slack : -1.029
TNS   : -15.404

Type  : Fast 1200mV 0C Model Recovery 'serial_232:SERIAL1|flip_flop_D_1bit:FF1|Q'
Slack : -1.006
TNS   : -4.024

Type  : Fast 1200mV 0C Model Recovery 'mezcladora:MEZCLADORA_1|macropantalla:MACROPANTALLA1|pantalla1:P1|modul_10Hz:MODUL|modul:M1|flip_flop_D_1bit:ff0|Q'
Slack : -1.000
TNS   : -15.903

Type  : Fast 1200mV 0C Model Recovery 'mezcladora:MEZCLADORA_4|macropantalla:MACROPANTALLA1|pantalla1:P1|modul_10Hz:MODUL|modul:M1|flip_flop_D_1bit:ff0|Q'
Slack : -0.985
TNS   : -14.892

Type  : Fast 1200mV 0C Model Recovery 'modul_2Hz:MODUL2Hz|modul:M1|flip_flop_D_1bit:ff0|Q'
Slack : -0.956
TNS   : -14.725

Type  : Fast 1200mV 0C Model Recovery 'mezcladora:MEZCLADORA_2|modul_10Hz:MODUL1|modul:M1|flip_flop_D_1bit:ff0|Q'
Slack : -0.924
TNS   : -14.428

Type  : Fast 1200mV 0C Model Recovery 'mezcladora:MEZCLADORA_3|macropantalla:MACROPANTALLA1|pantalla1:P1|modul_10Hz:MODUL|modul:M1|flip_flop_D_1bit:ff0|Q'
Slack : -0.921
TNS   : -14.669

Type  : Fast 1200mV 0C Model Recovery 'mezcladora:MEZCLADORA_1|modul_10Hz:MODUL1|modul:M1|flip_flop_D_1bit:ff0|Q'
Slack : -0.910
TNS   : -14.443

Type  : Fast 1200mV 0C Model Recovery 'mezcladora:MEZCLADORA_1|comandar:COMANDO1|flip_flop_D_1bit_descendente:GRUP1|Q'
Slack : -0.824
TNS   : -23.568

Type  : Fast 1200mV 0C Model Recovery 'mezcladora:MEZCLADORA_3|comandar:COMANDO1|flip_flop_D_1bit_descendente:GRUP1|Q'
Slack : -0.818
TNS   : -18.251

Type  : Fast 1200mV 0C Model Recovery 'mezcladora:MEZCLADORA_4|contador_decimal:CONT|contador_4bits:C1|flip_flop_D_4bits:FF|Q[0]'
Slack : -0.430
TNS   : -1.720

Type  : Fast 1200mV 0C Model Recovery 'mezcladora:MEZCLADORA_2|comandar:COMANDO1|flip_flop_D_1bit_descendente:GRUP1|Q'
Slack : -0.232
TNS   : -3.058

Type  : Fast 1200mV 0C Model Recovery 'mezcladora:MEZCLADORA_2|macropantalla:MACROPANTALLA1|pantalla4:P4|modul_05Hz:MODUL|modul:M2|flip_flop_D_1bit:ff0|Q'
Slack : -0.105
TNS   : -0.420

Type  : Fast 1200mV 0C Model Recovery 'mezcladora:MEZCLADORA_1|macropantalla:MACROPANTALLA1|pantalla4:P4|modul_05Hz:MODUL|modul:M2|flip_flop_D_1bit:ff0|Q'
Slack : -0.094
TNS   : -0.376

Type  : Fast 1200mV 0C Model Recovery 'mezcladora:MEZCLADORA_3|macropantalla:MACROPANTALLA1|pantalla4:P4|modul_05Hz:MODUL|modul:M2|flip_flop_D_1bit:ff0|Q'
Slack : -0.093
TNS   : -0.372

Type  : Fast 1200mV 0C Model Recovery 'mezcladora:MEZCLADORA_4|macropantalla:MACROPANTALLA1|pantalla4:P4|modul_05Hz:MODUL|modul:M2|flip_flop_D_1bit:ff0|Q'
Slack : -0.083
TNS   : -0.332

Type  : Fast 1200mV 0C Model Recovery 'mezcladora:MEZCLADORA_4|comandar:COMANDO1|flip_flop_D_1bit_descendente:GRUP1|Q'
Slack : 0.059
TNS   : 0.000

Type  : Fast 1200mV 0C Model Recovery 'mezcladora:MEZCLADORA_1|macropantalla:MACROPANTALLA1|pantalla1:P1|modul_10Hz:MODUL|modul:M2|flip_flop_D_1bit:ff0|Q'
Slack : 0.296
TNS   : 0.000

Type  : Fast 1200mV 0C Model Recovery 'mezcladora:MEZCLADORA_2|macropantalla:MACROPANTALLA1|pantalla1:P1|modul_10Hz:MODUL|modul:M2|flip_flop_D_1bit:ff0|Q'
Slack : 0.296
TNS   : 0.000

Type  : Fast 1200mV 0C Model Recovery 'mezcladora:MEZCLADORA_3|macropantalla:MACROPANTALLA1|pantalla1:P1|modul_10Hz:MODUL|modul:M2|flip_flop_D_1bit:ff0|Q'
Slack : 0.296
TNS   : 0.000

Type  : Fast 1200mV 0C Model Recovery 'mezcladora:MEZCLADORA_4|macropantalla:MACROPANTALLA1|pantalla1:P1|modul_10Hz:MODUL|modul:M2|flip_flop_D_1bit:ff0|Q'
Slack : 0.297
TNS   : 0.000

Type  : Fast 1200mV 0C Model Removal 'mezcladora:MEZCLADORA_4|contador_decimal:CONT|contador_4bits:C1|flip_flop_D_4bits:FF|Q[0]'
Slack : -0.796
TNS   : -3.184

Type  : Fast 1200mV 0C Model Removal 'clock'
Slack : -0.741
TNS   : -42.590

Type  : Fast 1200mV 0C Model Removal 'mezcladora:MEZCLADORA_2|modul_10Hz:MODUL1|modul:M2|flip_flop_D_1bit:ff0|Q'
Slack : -0.509
TNS   : -2.036

Type  : Fast 1200mV 0C Model Removal 'mezcladora:MEZCLADORA_1|macropantalla:MACROPANTALLA1|pantalla1:P1|modul_10Hz:MODUL|modul:M1|flip_flop_D_1bit:ff0|Q'
Slack : -0.498
TNS   : -7.793

Type  : Fast 1200mV 0C Model Removal 'mezcladora:MEZCLADORA_2|modul_10Hz:MODUL1|modul:M1|flip_flop_D_1bit:ff0|Q'
Slack : -0.386
TNS   : -6.077

Type  : Fast 1200mV 0C Model Removal 'mezcladora:MEZCLADORA_1|modul_10Hz:MODUL1|modul:M2|flip_flop_D_1bit:ff0|Q'
Slack : -0.286
TNS   : -1.144

Type  : Fast 1200mV 0C Model Removal 'mezcladora:MEZCLADORA_4|modul_10Hz:MODUL1|modul:M2|flip_flop_D_1bit:ff0|Q'
Slack : -0.281
TNS   : -0.843

Type  : Fast 1200mV 0C Model Removal 'mezcladora:MEZCLADORA_3|modul_10Hz:MODUL1|modul:M1|flip_flop_D_1bit:ff0|Q'
Slack : -0.273
TNS   : -3.354

Type  : Fast 1200mV 0C Model Removal 'mezcladora:MEZCLADORA_3|macropantalla:MACROPANTALLA1|pantalla1:P1|modul_10Hz:MODUL|modul:M1|flip_flop_D_1bit:ff0|Q'
Slack : -0.268
TNS   : -4.139

Type  : Fast 1200mV 0C Model Removal 'mezcladora:MEZCLADORA_2|contador_decimal:CONT|contador_4bits:C1|flip_flop_D_4bits:FF|Q[0]'
Slack : -0.182
TNS   : -0.728

Type  : Fast 1200mV 0C Model Removal 'mezcladora:MEZCLADORA_4|macropantalla:MACROPANTALLA1|pantalla1:P1|modul_10Hz:MODUL|modul:M1|flip_flop_D_1bit:ff0|Q'
Slack : -0.173
TNS   : -1.697

Type  : Fast 1200mV 0C Model Removal 'mezcladora:MEZCLADORA_1|macropantalla:MACROPANTALLA1|pantalla4:P4|modul_05Hz:MODUL|modul:M1|flip_flop_D_1bit:ff0|Q'
Slack : -0.172
TNS   : -2.578

Type  : Fast 1200mV 0C Model Removal 'mezcladora:MEZCLADORA_2|macropantalla:MACROPANTALLA1|pantalla1:P1|modul_10Hz:MODUL|modul:M1|flip_flop_D_1bit:ff0|Q'
Slack : -0.165
TNS   : -1.944

Type  : Fast 1200mV 0C Model Removal 'mezcladora:MEZCLADORA_2|macropantalla:MACROPANTALLA1|pantalla4:P4|modul_05Hz:MODUL|modul:M1|flip_flop_D_1bit:ff0|Q'
Slack : -0.160
TNS   : -2.284

Type  : Fast 1200mV 0C Model Removal 'mezcladora:MEZCLADORA_1|modul_10Hz:MODUL1|modul:M1|flip_flop_D_1bit:ff0|Q'
Slack : -0.153
TNS   : -2.238

Type  : Fast 1200mV 0C Model Removal 'mezcladora:MEZCLADORA_3|macropantalla:MACROPANTALLA1|pantalla4:P4|modul_05Hz:MODUL|modul:M1|flip_flop_D_1bit:ff0|Q'
Slack : -0.118
TNS   : -1.424

Type  : Fast 1200mV 0C Model Removal 'mezcladora:MEZCLADORA_4|macropantalla:MACROPANTALLA1|pantalla4:P4|modul_05Hz:MODUL|modul:M1|flip_flop_D_1bit:ff0|Q'
Slack : -0.107
TNS   : -1.472

Type  : Fast 1200mV 0C Model Removal 'mezcladora:MEZCLADORA_3|contador_decimal:CONT|contador_4bits:C1|flip_flop_D_4bits:FF|Q[0]'
Slack : -0.106
TNS   : -0.318

Type  : Fast 1200mV 0C Model Removal 'serial_232:SERIAL1|flip_flop_D_2bits:FF2|Q[0]'
Slack : -0.056
TNS   : -0.224

Type  : Fast 1200mV 0C Model Removal 'serial_232:SERIAL1|modul_10Hz:MOD_10|modul:M1|flip_flop_D_1bit:ff0|Q'
Slack : -0.001
TNS   : -0.007

Type  : Fast 1200mV 0C Model Removal 'mezcladora:MEZCLADORA_1|contador_decimal:CONT|contador_4bits:C1|flip_flop_D_4bits:FF|Q[0]'
Slack : 0.154
TNS   : 0.000

Type  : Fast 1200mV 0C Model Removal 'mezcladora:MEZCLADORA_4|modul_10Hz:MODUL1|modul:M1|flip_flop_D_1bit:ff0|Q'
Slack : 0.168
TNS   : 0.000

Type  : Fast 1200mV 0C Model Removal 'mezcladora:MEZCLADORA_3|modul_10Hz:MODUL1|modul:M2|flip_flop_D_1bit:ff0|Q'
Slack : 0.407
TNS   : 0.000

Type  : Fast 1200mV 0C Model Removal 'mezcladora:MEZCLADORA_4|comandar:COMANDO1|flip_flop_D_1bit_descendente:GRUP1|Q'
Slack : 0.443
TNS   : 0.000

Type  : Fast 1200mV 0C Model Removal 'mezcladora:MEZCLADORA_1|macropantalla:MACROPANTALLA1|pantalla1:P1|modul_10Hz:MODUL|modul:M2|flip_flop_D_1bit:ff0|Q'
Slack : 0.466
TNS   : 0.000

Type  : Fast 1200mV 0C Model Removal 'mezcladora:MEZCLADORA_2|macropantalla:MACROPANTALLA1|pantalla1:P1|modul_10Hz:MODUL|modul:M2|flip_flop_D_1bit:ff0|Q'
Slack : 0.466
TNS   : 0.000

Type  : Fast 1200mV 0C Model Removal 'mezcladora:MEZCLADORA_3|macropantalla:MACROPANTALLA1|pantalla1:P1|modul_10Hz:MODUL|modul:M2|flip_flop_D_1bit:ff0|Q'
Slack : 0.467
TNS   : 0.000

Type  : Fast 1200mV 0C Model Removal 'mezcladora:MEZCLADORA_4|macropantalla:MACROPANTALLA1|pantalla1:P1|modul_10Hz:MODUL|modul:M2|flip_flop_D_1bit:ff0|Q'
Slack : 0.467
TNS   : 0.000

Type  : Fast 1200mV 0C Model Removal 'mezcladora:MEZCLADORA_2|comandar:COMANDO1|flip_flop_D_1bit_descendente:GRUP1|Q'
Slack : 0.636
TNS   : 0.000

Type  : Fast 1200mV 0C Model Removal 'mezcladora:MEZCLADORA_3|macropantalla:MACROPANTALLA1|pantalla4:P4|modul_05Hz:MODUL|modul:M2|flip_flop_D_1bit:ff0|Q'
Slack : 0.688
TNS   : 0.000

Type  : Fast 1200mV 0C Model Removal 'mezcladora:MEZCLADORA_4|macropantalla:MACROPANTALLA1|pantalla4:P4|modul_05Hz:MODUL|modul:M2|flip_flop_D_1bit:ff0|Q'
Slack : 0.689
TNS   : 0.000

Type  : Fast 1200mV 0C Model Removal 'mezcladora:MEZCLADORA_2|macropantalla:MACROPANTALLA1|pantalla4:P4|modul_05Hz:MODUL|modul:M2|flip_flop_D_1bit:ff0|Q'
Slack : 0.693
TNS   : 0.000

Type  : Fast 1200mV 0C Model Removal 'serial_232:SERIAL1|flip_flop_D_1bit:FF1|Q'
Slack : 0.694
TNS   : 0.000

Type  : Fast 1200mV 0C Model Removal 'mezcladora:MEZCLADORA_1|macropantalla:MACROPANTALLA1|pantalla4:P4|modul_05Hz:MODUL|modul:M2|flip_flop_D_1bit:ff0|Q'
Slack : 0.698
TNS   : 0.000

Type  : Fast 1200mV 0C Model Removal 'mezcladora:MEZCLADORA_3|comandar:COMANDO1|flip_flop_D_1bit_descendente:GRUP1|Q'
Slack : 0.842
TNS   : 0.000

Type  : Fast 1200mV 0C Model Removal 'modul_2Hz:MODUL2Hz|modul:M1|flip_flop_D_1bit:ff0|Q'
Slack : 0.885
TNS   : 0.000

Type  : Fast 1200mV 0C Model Removal 'mezcladora:MEZCLADORA_1|comandar:COMANDO1|flip_flop_D_1bit_descendente:GRUP1|Q'
Slack : 1.038
TNS   : 0.000

Type  : Fast 1200mV 0C Model Removal 'mezcladora:MEZCLADORA_1|contador_decimal:CONT|contador_4bits:C2|flip_flop_D_4bits:FF|Q[0]'
Slack : 1.283
TNS   : 0.000

Type  : Fast 1200mV 0C Model Removal 'mezcladora:MEZCLADORA_4|contador_decimal:CONT|contador_4bits:C2|flip_flop_D_4bits:FF|Q[0]'
Slack : 1.533
TNS   : 0.000

Type  : Fast 1200mV 0C Model Removal 'mezcladora:MEZCLADORA_3|contador_decimal:CONT|contador_4bits:C2|flip_flop_D_4bits:FF|Q[0]'
Slack : 1.617
TNS   : 0.000

Type  : Fast 1200mV 0C Model Removal 'mezcladora:MEZCLADORA_2|contador_decimal:CONT|contador_4bits:C2|flip_flop_D_4bits:FF|Q[0]'
Slack : 2.128
TNS   : 0.000

------------------------------------------------------------
